<html>
<body>
<pre>
<h1>礦ision Build Log</h1>
<h2>Tool Versions:</h2>
IDE-Version: μVision V5.34.0.0
Copyright (C) 2021 ARM Ltd and ARM Germany GmbH. All rights reserved.
License Information: 11 120912141@qq.com, 11, LIC=32B1Q-NCMXF-746S0-BEHNM-JPC11-CWZPA
 
Tool Versions:
Toolchain:       MDK-ARM Plus  Version: 5.34.0.0
Toolchain Path:  D:\keil5\ARM\ARMCC\Bin
C Compiler:      Armcc.exe V5.06 update 7 (build 960)
Assembler:       Armasm.exe V5.06 update 7 (build 960)
Linker/Locator:  ArmLink.exe V5.06 update 7 (build 960)
Library Manager: ArmAr.exe V5.06 update 7 (build 960)
Hex Converter:   FromElf.exe V5.06 update 7 (build 960)
CPU DLL:         SARMCM3.DLL V5.34.0.0
Dialog DLL:      DCM.DLL V1.17.3.0
Target DLL:      STLink\ST-LINKIII-KEIL_SWO.dll V3.0.8.0
Dialog DLL:      TCM.DLL V1.48.0.0
 
<h2>Project:</h2>
C:\Users\12091\Desktop\短学期\嵌入式高级实验\项目二-国赛F题\2_STM32F103C8T6_FDC2214ZhiZhangJiShuV1\Text.uvprojx
Project File Date:  07/12/2021

<h2>Output:</h2>
*** Using Compiler 'V5.06 update 7 (build 960)', folder: 'D:\keil5\ARM\ARMCC\Bin'
Build target 'Target 1'
compiling key.c...
Text\KEY\key.h(20): warning:  #1295-D: Deprecated declaration KeyscanINIT - give arg types
  void KeyscanINIT();
Text\KEY\key.h(21): warning:  #1295-D: Deprecated declaration keyscan - give arg types
  int keyscan();
Text\KEY\key.c(122): warning:  #177-D: variable "value"  was declared but never referenced
  	u16 value;
Text\KEY\key.c: 3 warnings, 0 errors
linking...
Program Size: Code=11460 RO-data=3032 RW-data=4060 ZI-data=3812  
FromELF: creating hex file...
".\OutPut\Text.axf" - 0 Error(s), 3 Warning(s).

<h2>Software Packages used:</h2>

Package Vendor: Keil
                http://www.keil.com/pack/Keil.STM32F1xx_DFP.2.3.0.pack
                Keil.STM32F1xx_DFP.2.3.0
                STMicroelectronics STM32F1 Series Device Support, Drivers and Examples

<h2>Collection of Component include folders:</h2>
  D:\keil5\Packs\Keil\STM32F1xx_DFP\2.3.0\Device\Include

<h2>Collection of Component Files used:</h2>
Build Time Elapsed:  00:00:03
</pre>
</body>
</html>
