Component: ARM Compiler 5.06 update 7 (build 960) Tool: armlink [4d3601]

==============================================================================

Section Cross References

    main.o(i.BuzzerBeep) refers to delay.o(i.delay_ms) for delay_ms
    main.o(i.JudgePaperNum) refers to usart.o(i.Usart_SendString) for Usart_SendString
    main.o(i.JudgePaperNum) refers to stmflash.o(.bss) for FDC2214ThresholdValue
    main.o(i.TIM2_IRQHandler) refers to main.o(.data) for bFlag3s
    main.o(i.main) refers to system_stm32f10x.o(i.SystemInit) for SystemInit
    main.o(i.main) refers to delay.o(i.delay_init) for delay_init
    main.o(i.main) refers to misc.o(i.NVIC_PriorityGroupConfig) for NVIC_PriorityGroupConfig
    main.o(i.main) refers to usart.o(i.uart_init) for uart_init
    main.o(i.main) refers to tim5.o(i.TIM2_init) for TIM2_init
    main.o(i.main) refers to oled.o(i.IIC_Start) for IIC_Start
    main.o(i.main) refers to oled.o(i.Oled_Init) for Oled_Init
    main.o(i.main) refers to led.o(i.Beep_Init) for Beep_Init
    main.o(i.main) refers to led.o(i.LED_Init) for LED_Init
    main.o(i.main) refers to key.o(i.KeyscanINIT) for KeyscanINIT
    main.o(i.main) refers to stmflash.o(i.FLASHInit) for FLASHInit
    main.o(i.main) refers to usart.o(i.uart2_init) for uart2_init
    main.o(i.main) refers to usart.o(i.Usart_SendString) for Usart_SendString
    main.o(i.main) refers to delay.o(i.delay_ms) for delay_ms
    main.o(i.main) refers to fdc2214.o(i.FDC_IIC_Init) for FDC_IIC_Init
    main.o(i.main) refers to fdc2214.o(i.FDC2214_Init) for FDC2214_Init
    main.o(i.main) refers to fdc2214.o(i.FDC_Read) for FDC_Read
    main.o(i.main) refers to main.o(i.BuzzerBeep) for BuzzerBeep
    main.o(i.main) refers to oled.o(i.OLED_Fill) for OLED_Fill
    main.o(i.main) refers to oled.o(i.OLED_ShowStr) for OLED_ShowStr
    main.o(i.main) refers to oled.o(i.OLED_PaperNumTitle) for OLED_PaperNumTitle
    main.o(i.main) refers to key.o(i.keyscan) for keyscan
    main.o(i.main) refers to stmflash.o(i.FLASHReset) for FLASHReset
    main.o(i.main) refers to oled.o(i.OLED_ShowCN) for OLED_ShowCN
    main.o(i.main) refers to key.o(i.Key_Scan) for Key_Scan
    main.o(i.main) refers to stmflash.o(i.FLASHSave) for FLASHSave
    main.o(i.main) refers to fdc2214.o(i.FCD2214_ReadCH) for FCD2214_ReadCH
    main.o(i.main) refers to fdc2214.o(i.FilteredFCD2214ReadCH) for FilteredFCD2214ReadCH
    main.o(i.main) refers to oled.o(i.Data2ASCII) for Data2ASCII
    main.o(i.main) refers to oled.o(i.Data2ASCII3Figure) for Data2ASCII3Figure
    main.o(i.main) refers to main.o(.data) for intTemp
    main.o(i.main) refers to main.o(.bss) for FDC2214CH
    main.o(i.main) refers to oled.o(.bss) for AsciiBuff
    main.o(i.main) refers to stmflash.o(.bss) for cThePointOfCalibrate
    main.o(i.main) refers to oled.o(.data) for AsciiBuff3
    main.o(i.main) refers to main.o(i.JudgePaperNum) for JudgePaperNum
    main.o(i.main) refers to main.o(i.yuyin) for yuyin
    main.o(i.yuyin) refers to usart.o(i.Usart_SendString) for Usart_SendString
    system_stm32f10x.o(i.SetSysClock) refers to system_stm32f10x.o(i.SetSysClockTo72) for SetSysClockTo72
    system_stm32f10x.o(i.SystemCoreClockUpdate) refers to system_stm32f10x.o(.data) for SystemCoreClock
    system_stm32f10x.o(i.SystemInit) refers to system_stm32f10x.o(i.SetSysClock) for SetSysClock
    startup_stm32f10x_md.o(RESET) refers to startup_stm32f10x_md.o(STACK) for __initial_sp
    startup_stm32f10x_md.o(RESET) refers to startup_stm32f10x_md.o(.text) for Reset_Handler
    startup_stm32f10x_md.o(RESET) refers to stm32f10x_it.o(i.NMI_Handler) for NMI_Handler
    startup_stm32f10x_md.o(RESET) refers to stm32f10x_it.o(i.HardFault_Handler) for HardFault_Handler
    startup_stm32f10x_md.o(RESET) refers to stm32f10x_it.o(i.MemManage_Handler) for MemManage_Handler
    startup_stm32f10x_md.o(RESET) refers to stm32f10x_it.o(i.BusFault_Handler) for BusFault_Handler
    startup_stm32f10x_md.o(RESET) refers to stm32f10x_it.o(i.UsageFault_Handler) for UsageFault_Handler
    startup_stm32f10x_md.o(RESET) refers to stm32f10x_it.o(i.SVC_Handler) for SVC_Handler
    startup_stm32f10x_md.o(RESET) refers to stm32f10x_it.o(i.DebugMon_Handler) for DebugMon_Handler
    startup_stm32f10x_md.o(RESET) refers to stm32f10x_it.o(i.PendSV_Handler) for PendSV_Handler
    startup_stm32f10x_md.o(RESET) refers to stm32f10x_it.o(i.SysTick_Handler) for SysTick_Handler
    startup_stm32f10x_md.o(RESET) refers to key.o(i.EXTI9_5_IRQHandler) for EXTI9_5_IRQHandler
    startup_stm32f10x_md.o(RESET) refers to main.o(i.TIM2_IRQHandler) for TIM2_IRQHandler
    startup_stm32f10x_md.o(RESET) refers to usart.o(i.USART1_IRQHandler) for USART1_IRQHandler
    startup_stm32f10x_md.o(RESET) refers to usart.o(i.USART2_IRQHandler) for USART2_IRQHandler
    startup_stm32f10x_md.o(RESET) refers to key.o(i.EXTI15_10_IRQHandler) for EXTI15_10_IRQHandler
    startup_stm32f10x_md.o(.text) refers to system_stm32f10x.o(i.SystemInit) for SystemInit
[...]
    Removing stm32f10x_can.o(i.CAN_SlaveStartBank), (52 bytes).
    Removing stm32f10x_can.o(i.CAN_Sleep), (30 bytes).
    Removing stm32f10x_can.o(i.CAN_StructInit), (32 bytes).
    Removing stm32f10x_can.o(i.CAN_TTComModeCmd), (118 bytes).
    Removing stm32f10x_can.o(i.CAN_Transmit), (294 bytes).
    Removing stm32f10x_can.o(i.CAN_TransmitStatus), (160 bytes).
    Removing stm32f10x_can.o(i.CAN_WakeUp), (48 bytes).
    Removing stm32f10x_can.o(i.CheckITStatus), (18 bytes).
    Removing stm32f10x_cec.o(i.CEC_ClearFlag), (36 bytes).
    Removing stm32f10x_cec.o(i.CEC_ClearITPendingBit), (36 bytes).
    Removing stm32f10x_cec.o(i.CEC_Cmd), (32 bytes).
    Removing stm32f10x_cec.o(i.CEC_DeInit), (22 bytes).
    Removing stm32f10x_cec.o(i.CEC_EndOfMessageCmd), (12 bytes).
    Removing stm32f10x_cec.o(i.CEC_GetFlagStatus), (48 bytes).
    Removing stm32f10x_cec.o(i.CEC_GetITStatus), (40 bytes).
    Removing stm32f10x_cec.o(i.CEC_ITConfig), (12 bytes).
    Removing stm32f10x_cec.o(i.CEC_Init), (32 bytes).
    Removing stm32f10x_cec.o(i.CEC_OwnAddressConfig), (12 bytes).
    Removing stm32f10x_cec.o(i.CEC_ReceiveDataByte), (12 bytes).
    Removing stm32f10x_cec.o(i.CEC_SendDataByte), (12 bytes).
    Removing stm32f10x_cec.o(i.CEC_SetPrescaler), (12 bytes).
    Removing stm32f10x_cec.o(i.CEC_StartOfMessage), (12 bytes).
    Removing stm32f10x_crc.o(i.CRC_CalcBlockCRC), (36 bytes).
    Removing stm32f10x_crc.o(i.CRC_CalcCRC), (16 bytes).
    Removing stm32f10x_crc.o(i.CRC_GetCRC), (12 bytes).
    Removing stm32f10x_crc.o(i.CRC_GetIDRegister), (12 bytes).
    Removing stm32f10x_crc.o(i.CRC_ResetDR), (12 bytes).
    Removing stm32f10x_crc.o(i.CRC_SetIDRegister), (12 bytes).
    Removing stm32f10x_dac.o(i.DAC_Cmd), (40 bytes).
    Removing stm32f10x_dac.o(i.DAC_DMACmd), (44 bytes).
    Removing stm32f10x_dac.o(i.DAC_DeInit), (22 bytes).
    Removing stm32f10x_dac.o(i.DAC_DualSoftwareTriggerCmd), (36 bytes).
    Removing stm32f10x_dac.o(i.DAC_GetDataOutputValue), (36 bytes).
    Removing stm32f10x_dac.o(i.DAC_Init), (52 bytes).
    Removing stm32f10x_dac.o(i.DAC_SetChannel1Data), (32 bytes).
    Removing stm32f10x_dac.o(i.DAC_SetChannel2Data), (32 bytes).
    Removing stm32f10x_dac.o(i.DAC_SetDualChannelData), (36 bytes).
    Removing stm32f10x_dac.o(i.DAC_SoftwareTriggerCmd), (44 bytes).
    Removing stm32f10x_dac.o(i.DAC_StructInit), (12 bytes).
    Removing stm32f10x_dac.o(i.DAC_WaveGenerationCmd), (40 bytes).
    Removing stm32f10x_dbgmcu.o(i.DBGMCU_Config), (32 bytes).
    Removing stm32f10x_dbgmcu.o(i.DBGMCU_GetDEVID), (16 bytes).
    Removing stm32f10x_dbgmcu.o(i.DBGMCU_GetREVID), (12 bytes).
    Removing stm32f10x_dma.o(i.DMA_ClearFlag), (28 bytes).
    Removing stm32f10x_dma.o(i.DMA_ClearITPendingBit), (28 bytes).
    Removing stm32f10x_dma.o(i.DMA_Cmd), (24 bytes).
    Removing stm32f10x_dma.o(i.DMA_DeInit), (332 bytes).
    Removing stm32f10x_dma.o(i.DMA_GetCurrDataCounter), (8 bytes).
    Removing stm32f10x_dma.o(i.DMA_GetFlagStatus), (44 bytes).
    Removing stm32f10x_dma.o(i.DMA_GetITStatus), (44 bytes).
    Removing stm32f10x_dma.o(i.DMA_ITConfig), (18 bytes).
    Removing stm32f10x_dma.o(i.DMA_Init), (60 bytes).
    Removing stm32f10x_dma.o(i.DMA_SetCurrDataCounter), (4 bytes).
    Removing stm32f10x_dma.o(i.DMA_StructInit), (26 bytes).
    Removing stm32f10x_exti.o(i.EXTI_ClearFlag), (12 bytes).
    Removing stm32f10x_exti.o(i.EXTI_DeInit), (36 bytes).
    Removing stm32f10x_exti.o(i.EXTI_GenerateSWInterrupt), (16 bytes).
    Removing stm32f10x_exti.o(i.EXTI_GetFlagStatus), (24 bytes).
    Removing stm32f10x_exti.o(i.EXTI_Init), (148 bytes).
    Removing stm32f10x_exti.o(i.EXTI_StructInit), (16 bytes).
    Removing stm32f10x_flash.o(i.FLASH_EnableWriteProtection), (196 bytes).
    Removing stm32f10x_flash.o(i.FLASH_EraseAllBank1Pages), (72 bytes).
    Removing stm32f10x_flash.o(i.FLASH_EraseAllPages), (72 bytes).
    Removing stm32f10x_flash.o(i.FLASH_EraseOptionBytes), (168 bytes).
    Removing stm32f10x_flash.o(i.FLASH_GetFlagStatus), (48 bytes).
    Removing stm32f10x_flash.o(i.FLASH_GetPrefetchBufferStatus), (24 bytes).
    Removing stm32f10x_flash.o(i.FLASH_GetReadOutProtectionStatus), (24 bytes).
    Removing stm32f10x_flash.o(i.FLASH_GetStatus), (52 bytes).
    Removing stm32f10x_flash.o(i.FLASH_GetUserOptionByte), (12 bytes).
    Removing stm32f10x_flash.o(i.FLASH_GetWriteProtectionOptionByte), (12 bytes).
    Removing stm32f10x_flash.o(i.FLASH_HalfCycleAccessCmd), (28 bytes).
    Removing stm32f10x_flash.o(i.FLASH_ITConfig), (32 bytes).
    Removing stm32f10x_flash.o(i.FLASH_LockBank1), (20 bytes).
    Removing stm32f10x_flash.o(i.FLASH_PrefetchBufferCmd), (28 bytes).
    Removing stm32f10x_flash.o(i.FLASH_ProgramOptionByteData), (84 bytes).
    Removing stm32f10x_flash.o(i.FLASH_ProgramWord), (108 bytes).
    Removing stm32f10x_flash.o(i.FLASH_ReadOutProtection), (172 bytes).
    Removing stm32f10x_flash.o(i.FLASH_SetLatency), (24 bytes).
    Removing stm32f10x_flash.o(i.FLASH_UnlockBank1), (24 bytes).
    Removing stm32f10x_flash.o(i.FLASH_UserOptionByteConfig), (104 bytes).
    Removing stm32f10x_flash.o(i.FLASH_WaitForLastBank1Operation), (38 bytes).
    Removing stm32f10x_fsmc.o(i.FSMC_ClearFlag), (64 bytes).
    Removing stm32f10x_fsmc.o(i.FSMC_ClearITPendingBit), (72 bytes).
    Removing stm32f10x_fsmc.o(i.FSMC_GetECC), (28 bytes).
    Removing stm32f10x_fsmc.o(i.FSMC_GetFlagStatus), (56 bytes).
    Removing stm32f10x_fsmc.o(i.FSMC_GetITStatus), (68 bytes).
    Removing stm32f10x_fsmc.o(i.FSMC_ITConfig), (128 bytes).
    Removing stm32f10x_fsmc.o(i.FSMC_NANDCmd), (92 bytes).
    Removing stm32f10x_fsmc.o(i.FSMC_NANDDeInit), (68 bytes).
    Removing stm32f10x_fsmc.o(i.FSMC_NANDECCCmd), (92 bytes).
    Removing stm32f10x_fsmc.o(i.FSMC_NANDInit), (136 bytes).
    Removing stm32f10x_fsmc.o(i.FSMC_NANDStructInit), (54 bytes).
    Removing stm32f10x_fsmc.o(i.FSMC_NORSRAMCmd), (52 bytes).
    Removing stm32f10x_fsmc.o(i.FSMC_NORSRAMDeInit), (54 bytes).
    Removing stm32f10x_fsmc.o(i.FSMC_NORSRAMInit), (230 bytes).
    Removing stm32f10x_fsmc.o(i.FSMC_NORSRAMStructInit), (114 bytes).
    Removing stm32f10x_fsmc.o(i.FSMC_PCCARDCmd), (48 bytes).
    Removing stm32f10x_fsmc.o(i.FSMC_PCCARDDeInit), (40 bytes).
    Removing stm32f10x_fsmc.o(i.FSMC_PCCARDInit), (132 bytes).
    Removing stm32f10x_fsmc.o(i.FSMC_PCCARDStructInit), (60 bytes).
    Removing stm32f10x_gpio.o(i.GPIO_AFIODeInit), (20 bytes).
    Removing stm32f10x_gpio.o(i.GPIO_DeInit), (200 bytes).
    Removing stm32f10x_gpio.o(i.GPIO_ETH_MediaInterfaceConfig), (12 bytes).
    Removing stm32f10x_gpio.o(i.GPIO_EXTILineConfig), (64 bytes).
    Removing stm32f10x_gpio.o(i.GPIO_EventOutputCmd), (12 bytes).
    Removing stm32f10x_gpio.o(i.GPIO_EventOutputConfig), (32 bytes).
    Removing stm32f10x_gpio.o(i.GPIO_PinLockConfig), (18 bytes).
    Removing stm32f10x_gpio.o(i.GPIO_ReadOutputData), (8 bytes).
    Removing stm32f10x_gpio.o(i.GPIO_ReadOutputDataBit), (18 bytes).
    Removing stm32f10x_gpio.o(i.GPIO_StructInit), (16 bytes).
    Removing stm32f10x_gpio.o(i.GPIO_WriteBit), (10 bytes).
    Removing stm32f10x_i2c.o(i.I2C_ARPCmd), (24 bytes).
    Removing stm32f10x_i2c.o(i.I2C_AcknowledgeConfig), (24 bytes).
    Removing stm32f10x_i2c.o(i.I2C_CalculatePEC), (24 bytes).
    Removing stm32f10x_i2c.o(i.I2C_CheckEvent), (42 bytes).
    Removing stm32f10x_i2c.o(i.I2C_ClearFlag), (12 bytes).
    Removing stm32f10x_i2c.o(i.I2C_ClearITPendingBit), (12 bytes).
    Removing stm32f10x_i2c.o(i.I2C_Cmd), (24 bytes).
    Removing stm32f10x_i2c.o(i.I2C_DMACmd), (24 bytes).
    Removing stm32f10x_i2c.o(i.I2C_DMALastTransferCmd), (24 bytes).
    Removing stm32f10x_i2c.o(i.I2C_DeInit), (56 bytes).
    Removing stm32f10x_i2c.o(i.I2C_DualAddressCmd), (24 bytes).
    Removing stm32f10x_i2c.o(i.I2C_FastModeDutyCycleConfig), (28 bytes).
    Removing stm32f10x_i2c.o(i.I2C_GeneralCallCmd), (24 bytes).
    Removing stm32f10x_i2c.o(i.I2C_GenerateSTART), (24 bytes).
    Removing stm32f10x_i2c.o(i.I2C_GenerateSTOP), (24 bytes).
    Removing stm32f10x_i2c.o(i.I2C_GetFlagStatus), (58 bytes).
    Removing stm32f10x_i2c.o(i.I2C_GetITStatus), (38 bytes).
    Removing stm32f10x_i2c.o(i.I2C_GetLastEvent), (26 bytes).
    Removing stm32f10x_i2c.o(i.I2C_GetPEC), (8 bytes).
    Removing stm32f10x_i2c.o(i.I2C_ITConfig), (18 bytes).
    Removing stm32f10x_i2c.o(i.I2C_Init), (236 bytes).
    Removing stm32f10x_i2c.o(i.I2C_NACKPositionConfig), (28 bytes).
    Removing stm32f10x_i2c.o(i.I2C_OwnAddress2Config), (22 bytes).
    Removing stm32f10x_i2c.o(i.I2C_PECPositionConfig), (28 bytes).
    Removing stm32f10x_i2c.o(i.I2C_ReadRegister), (22 bytes).
    Removing stm32f10x_i2c.o(i.I2C_ReceiveData), (8 bytes).
    Removing stm32f10x_i2c.o(i.I2C_SMBusAlertConfig), (28 bytes).
    Removing stm32f10x_i2c.o(i.I2C_Send7bitAddress), (18 bytes).
    Removing stm32f10x_i2c.o(i.I2C_SendData), (4 bytes).
    Removing stm32f10x_i2c.o(i.I2C_SoftwareResetCmd), (22 bytes).
    Removing stm32f10x_i2c.o(i.I2C_StretchClockCmd), (24 bytes).
    Removing stm32f10x_i2c.o(i.I2C_StructInit), (30 bytes).
    Removing stm32f10x_i2c.o(i.I2C_TransmitPEC), (24 bytes).
    Removing stm32f10x_iwdg.o(i.IWDG_Enable), (16 bytes).
    Removing stm32f10x_iwdg.o(i.IWDG_GetFlagStatus), (24 bytes).
    Removing stm32f10x_iwdg.o(i.IWDG_ReloadCounter), (16 bytes).
    Removing stm32f10x_iwdg.o(i.IWDG_SetPrescaler), (12 bytes).
    Removing stm32f10x_iwdg.o(i.IWDG_SetReload), (12 bytes).
    Removing stm32f10x_iwdg.o(i.IWDG_WriteAccessCmd), (12 bytes).
    Removing stm32f10x_pwr.o(i.PWR_BackupAccessCmd), (12 bytes).
    Removing stm32f10x_pwr.o(i.PWR_ClearFlag), (20 bytes).
    Removing stm32f10x_pwr.o(i.PWR_DeInit), (22 bytes).
    Removing stm32f10x_pwr.o(i.PWR_EnterSTANDBYMode), (52 bytes).
    Removing stm32f10x_pwr.o(i.PWR_EnterSTOPMode), (64 bytes).
    Removing stm32f10x_pwr.o(i.PWR_GetFlagStatus), (24 bytes).
    Removing stm32f10x_pwr.o(i.PWR_PVDCmd), (12 bytes).
    Removing stm32f10x_pwr.o(i.PWR_PVDLevelConfig), (24 bytes).
    Removing stm32f10x_pwr.o(i.PWR_WakeUpPinCmd), (12 bytes).
    Removing stm32f10x_rcc.o(i.RCC_ADCCLKConfig), (24 bytes).
    Removing stm32f10x_rcc.o(i.RCC_AHBPeriphClockCmd), (32 bytes).
    Removing stm32f10x_rcc.o(i.RCC_APB1PeriphResetCmd), (32 bytes).
    Removing stm32f10x_rcc.o(i.RCC_APB2PeriphResetCmd), (32 bytes).
    Removing stm32f10x_rcc.o(i.RCC_AdjustHSICalibrationValue), (24 bytes).
    Removing stm32f10x_rcc.o(i.RCC_BackupResetCmd), (12 bytes).
    Removing stm32f10x_rcc.o(i.RCC_ClearFlag), (20 bytes).
    Removing stm32f10x_rcc.o(i.RCC_ClearITPendingBit), (12 bytes).
    Removing stm32f10x_rcc.o(i.RCC_ClockSecuritySystemCmd), (12 bytes).
    Removing stm32f10x_rcc.o(i.RCC_DeInit), (76 bytes).
    Removing stm32f10x_rcc.o(i.RCC_GetFlagStatus), (60 bytes).
    Removing stm32f10x_rcc.o(i.RCC_GetITStatus), (24 bytes).
    Removing stm32f10x_rcc.o(i.RCC_GetSYSCLKSource), (16 bytes).
    Removing stm32f10x_rcc.o(i.RCC_HCLKConfig), (24 bytes).
    Removing stm32f10x_rcc.o(i.RCC_HSEConfig), (76 bytes).
    Removing stm32f10x_rcc.o(i.RCC_HSICmd), (12 bytes).
    Removing stm32f10x_rcc.o(i.RCC_ITConfig), (32 bytes).
    Removing stm32f10x_rcc.o(i.RCC_LSEConfig), (52 bytes).
    Removing stm32f10x_rcc.o(i.RCC_LSICmd), (12 bytes).
    Removing stm32f10x_rcc.o(i.RCC_MCOConfig), (12 bytes).
    Removing stm32f10x_rcc.o(i.RCC_PCLK1Config), (24 bytes).
    Removing stm32f10x_rcc.o(i.RCC_PCLK2Config), (24 bytes).
    Removing stm32f10x_rcc.o(i.RCC_PLLCmd), (12 bytes).
    Removing stm32f10x_rcc.o(i.RCC_PLLConfig), (28 bytes).
    Removing stm32f10x_rcc.o(i.RCC_RTCCLKCmd), (12 bytes).
    Removing stm32f10x_rcc.o(i.RCC_RTCCLKConfig), (16 bytes).
    Removing stm32f10x_rcc.o(i.RCC_SYSCLKConfig), (24 bytes).
    Removing stm32f10x_rcc.o(i.RCC_USBCLKConfig), (12 bytes).
    Removing stm32f10x_rcc.o(i.RCC_WaitForHSEStartUp), (56 bytes).
    Removing stm32f10x_rtc.o(i.RTC_ClearFlag), (16 bytes).
    Removing stm32f10x_rtc.o(i.RTC_ClearITPendingBit), (16 bytes).
    Removing stm32f10x_rtc.o(i.RTC_EnterConfigMode), (20 bytes).
    Removing stm32f10x_rtc.o(i.RTC_ExitConfigMode), (20 bytes).
    Removing stm32f10x_rtc.o(i.RTC_GetCounter), (20 bytes).
    Removing stm32f10x_rtc.o(i.RTC_GetDivider), (24 bytes).
    Removing stm32f10x_rtc.o(i.RTC_GetFlagStatus), (24 bytes).
    Removing stm32f10x_rtc.o(i.RTC_GetITStatus), (36 bytes).
    Removing stm32f10x_rtc.o(i.RTC_ITConfig), (32 bytes).
    Removing stm32f10x_rtc.o(i.RTC_SetAlarm), (28 bytes).
    Removing stm32f10x_rtc.o(i.RTC_SetCounter), (28 bytes).
    Removing stm32f10x_rtc.o(i.RTC_SetPrescaler), (32 bytes).
    Removing stm32f10x_rtc.o(i.RTC_WaitForLastTask), (20 bytes).
    Removing stm32f10x_rtc.o(i.RTC_WaitForSynchro), (36 bytes).
    Removing stm32f10x_sdio.o(i.SDIO_CEATAITCmd), (16 bytes).
    Removing stm32f10x_sdio.o(i.SDIO_ClearFlag), (12 bytes).
    Removing stm32f10x_sdio.o(i.SDIO_ClearITPendingBit), (12 bytes).
    Removing stm32f10x_sdio.o(i.SDIO_ClockCmd), (12 bytes).
    Removing stm32f10x_sdio.o(i.SDIO_CmdStructInit), (14 bytes).
    Removing stm32f10x_sdio.o(i.SDIO_CommandCompletionCmd), (12 bytes).
    Removing stm32f10x_sdio.o(i.SDIO_DMACmd), (12 bytes).
    Removing stm32f10x_sdio.o(i.SDIO_DataConfig), (48 bytes).
    Removing stm32f10x_sdio.o(i.SDIO_DataStructInit), (20 bytes).
    Removing stm32f10x_sdio.o(i.SDIO_DeInit), (36 bytes).
    Removing stm32f10x_sdio.o(i.SDIO_GetCommandResponse), (12 bytes).
    Removing stm32f10x_sdio.o(i.SDIO_GetDataCounter), (12 bytes).
    Removing stm32f10x_sdio.o(i.SDIO_GetFIFOCount), (12 bytes).
    Removing stm32f10x_sdio.o(i.SDIO_GetFlagStatus), (24 bytes).
    Removing stm32f10x_sdio.o(i.SDIO_GetITStatus), (24 bytes).
    Removing stm32f10x_sdio.o(i.SDIO_GetPowerState), (16 bytes).
    Removing stm32f10x_sdio.o(i.SDIO_GetResponse), (24 bytes).
    Removing stm32f10x_sdio.o(i.SDIO_ITConfig), (32 bytes).
    Removing stm32f10x_sdio.o(i.SDIO_Init), (48 bytes).
    Removing stm32f10x_sdio.o(i.SDIO_ReadData), (12 bytes).
    Removing stm32f10x_sdio.o(i.SDIO_SendCEATACmd), (12 bytes).
    Removing stm32f10x_sdio.o(i.SDIO_SendCommand), (44 bytes).
    Removing stm32f10x_sdio.o(i.SDIO_SendSDIOSuspendCmd), (12 bytes).
    Removing stm32f10x_sdio.o(i.SDIO_SetPowerState), (28 bytes).
    Removing stm32f10x_sdio.o(i.SDIO_SetSDIOOperation), (12 bytes).
    Removing stm32f10x_sdio.o(i.SDIO_SetSDIOReadWaitMode), (12 bytes).
    Removing stm32f10x_sdio.o(i.SDIO_StartSDIOReadWait), (12 bytes).
    Removing stm32f10x_sdio.o(i.SDIO_StopSDIOReadWait), (12 bytes).
    Removing stm32f10x_sdio.o(i.SDIO_StructInit), (16 bytes).
    Removing stm32f10x_sdio.o(i.SDIO_WriteData), (12 bytes).
    Removing stm32f10x_spi.o(i.I2S_Cmd), (24 bytes).
    Removing stm32f10x_spi.o(i.I2S_Init), (232 bytes).
    Removing stm32f10x_spi.o(i.I2S_StructInit), (20 bytes).
    Removing stm32f10x_spi.o(i.SPI_BiDirectionalLineConfig), (28 bytes).
    Removing stm32f10x_spi.o(i.SPI_CalculateCRC), (24 bytes).
    Removing stm32f10x_spi.o(i.SPI_Cmd), (24 bytes).
    Removing stm32f10x_spi.o(i.SPI_DataSizeConfig), (18 bytes).
    Removing stm32f10x_spi.o(i.SPI_GetCRC), (16 bytes).
    Removing stm32f10x_spi.o(i.SPI_GetCRCPolynomial), (6 bytes).
    Removing stm32f10x_spi.o(i.SPI_I2S_ClearFlag), (6 bytes).
    Removing stm32f10x_spi.o(i.SPI_I2S_ClearITPendingBit), (20 bytes).
    Removing stm32f10x_spi.o(i.SPI_I2S_DMACmd), (18 bytes).
    Removing stm32f10x_spi.o(i.SPI_I2S_DeInit), (88 bytes).
    Removing stm32f10x_spi.o(i.SPI_I2S_GetFlagStatus), (18 bytes).
    Removing stm32f10x_spi.o(i.SPI_I2S_GetITStatus), (52 bytes).
    Removing stm32f10x_spi.o(i.SPI_I2S_ITConfig), (32 bytes).
    Removing stm32f10x_spi.o(i.SPI_I2S_ReceiveData), (6 bytes).
    Removing stm32f10x_spi.o(i.SPI_I2S_SendData), (4 bytes).
    Removing stm32f10x_spi.o(i.SPI_Init), (60 bytes).
    Removing stm32f10x_spi.o(i.SPI_NSSInternalSoftwareConfig), (30 bytes).
    Removing stm32f10x_spi.o(i.SPI_SSOutputCmd), (24 bytes).
    Removing stm32f10x_spi.o(i.SPI_StructInit), (24 bytes).
    Removing stm32f10x_spi.o(i.SPI_TransmitCRC), (10 bytes).
    Removing stm32f10x_tim.o(i.TI1_Config), (128 bytes).
    Removing stm32f10x_tim.o(i.TI2_Config), (152 bytes).
    Removing stm32f10x_tim.o(i.TI3_Config), (144 bytes).
    Removing stm32f10x_tim.o(i.TI4_Config), (152 bytes).
    Removing stm32f10x_tim.o(i.TIM_ARRPreloadConfig), (24 bytes).
    Removing stm32f10x_tim.o(i.TIM_BDTRConfig), (32 bytes).
    Removing stm32f10x_tim.o(i.TIM_BDTRStructInit), (18 bytes).
    Removing stm32f10x_tim.o(i.TIM_CCPreloadControl), (24 bytes).
    Removing stm32f10x_tim.o(i.TIM_CCxCmd), (30 bytes).
    Removing stm32f10x_tim.o(i.TIM_CCxNCmd), (30 bytes).
    Removing stm32f10x_tim.o(i.TIM_ClearFlag), (6 bytes).
    Removing stm32f10x_tim.o(i.TIM_ClearITPendingBit), (6 bytes).
    Removing stm32f10x_tim.o(i.TIM_ClearOC1Ref), (18 bytes).
    Removing stm32f10x_tim.o(i.TIM_ClearOC2Ref), (24 bytes).
    Removing stm32f10x_tim.o(i.TIM_ClearOC3Ref), (18 bytes).
    Removing stm32f10x_tim.o(i.TIM_ClearOC4Ref), (24 bytes).
    Removing stm32f10x_tim.o(i.TIM_CounterModeConfig), (18 bytes).
    Removing stm32f10x_tim.o(i.TIM_CtrlPWMOutputs), (30 bytes).
    Removing stm32f10x_tim.o(i.TIM_DMACmd), (18 bytes).
    Removing stm32f10x_tim.o(i.TIM_DMAConfig), (10 bytes).
    Removing stm32f10x_tim.o(i.TIM_DeInit), (488 bytes).
    Removing stm32f10x_tim.o(i.TIM_ETRClockMode1Config), (54 bytes).
    Removing stm32f10x_tim.o(i.TIM_ETRClockMode2Config), (32 bytes).
    Removing stm32f10x_tim.o(i.TIM_ETRConfig), (28 bytes).
    Removing stm32f10x_tim.o(i.TIM_EncoderInterfaceConfig), (66 bytes).
    Removing stm32f10x_tim.o(i.TIM_ForcedOC1Config), (18 bytes).
    Removing stm32f10x_tim.o(i.TIM_ForcedOC2Config), (26 bytes).
    Removing stm32f10x_tim.o(i.TIM_ForcedOC3Config), (18 bytes).
    Removing stm32f10x_tim.o(i.TIM_ForcedOC4Config), (26 bytes).
    Removing stm32f10x_tim.o(i.TIM_GenerateEvent), (4 bytes).
    Removing stm32f10x_tim.o(i.TIM_GetCapture1), (6 bytes).
    Removing stm32f10x_tim.o(i.TIM_GetCapture2), (6 bytes).
    Removing stm32f10x_tim.o(i.TIM_GetCapture3), (6 bytes).
    Removing stm32f10x_tim.o(i.TIM_GetCapture4), (8 bytes).
    Removing stm32f10x_tim.o(i.TIM_GetCounter), (6 bytes).
    Removing stm32f10x_tim.o(i.TIM_GetFlagStatus), (18 bytes).
    Removing stm32f10x_tim.o(i.TIM_GetITStatus), (34 bytes).
    Removing stm32f10x_tim.o(i.TIM_GetPrescaler), (6 bytes).
    Removing stm32f10x_tim.o(i.TIM_ICInit), (172 bytes).
    Removing stm32f10x_tim.o(i.TIM_ICStructInit), (18 bytes).
    Removing stm32f10x_tim.o(i.TIM_ITRxExternalClockConfig), (24 bytes).
    Removing stm32f10x_tim.o(i.TIM_InternalClockConfig), (12 bytes).
    Removing stm32f10x_tim.o(i.TIM_OC1FastConfig), (18 bytes).
    Removing stm32f10x_tim.o(i.TIM_OC1Init), (152 bytes).
    Removing stm32f10x_tim.o(i.TIM_OC1NPolarityConfig), (18 bytes).
    Removing stm32f10x_tim.o(i.TIM_OC1PolarityConfig), (18 bytes).
    Removing stm32f10x_tim.o(i.TIM_OC1PreloadConfig), (18 bytes).
    Removing stm32f10x_tim.o(i.TIM_OC2FastConfig), (26 bytes).
    Removing stm32f10x_tim.o(i.TIM_OC2Init), (164 bytes).
    Removing stm32f10x_tim.o(i.TIM_OC2NPolarityConfig), (26 bytes).
    Removing stm32f10x_tim.o(i.TIM_OC2PolarityConfig), (26 bytes).
    Removing stm32f10x_tim.o(i.TIM_OC2PreloadConfig), (26 bytes).
    Removing stm32f10x_tim.o(i.TIM_OC3FastConfig), (18 bytes).
    Removing stm32f10x_tim.o(i.TIM_OC3Init), (160 bytes).
    Removing stm32f10x_tim.o(i.TIM_OC3NPolarityConfig), (26 bytes).
    Removing stm32f10x_tim.o(i.TIM_OC3PolarityConfig), (26 bytes).
    Removing stm32f10x_tim.o(i.TIM_OC3PreloadConfig), (18 bytes).
    Removing stm32f10x_tim.o(i.TIM_OC4FastConfig), (26 bytes).
    Removing stm32f10x_tim.o(i.TIM_OC4Init), (124 bytes).
    Removing stm32f10x_tim.o(i.TIM_OC4PolarityConfig), (26 bytes).
    Removing stm32f10x_tim.o(i.TIM_OC4PreloadConfig), (26 bytes).
    Removing stm32f10x_tim.o(i.TIM_OCStructInit), (20 bytes).
    Removing stm32f10x_tim.o(i.TIM_PWMIConfig), (124 bytes).
    Removing stm32f10x_tim.o(i.TIM_PrescalerConfig), (6 bytes).
    Removing stm32f10x_tim.o(i.TIM_SelectCCDMA), (24 bytes).
    Removing stm32f10x_tim.o(i.TIM_SelectCOM), (24 bytes).
    Removing stm32f10x_tim.o(i.TIM_SelectHallSensor), (24 bytes).
    Removing stm32f10x_tim.o(i.TIM_SelectInputTrigger), (18 bytes).
    Removing stm32f10x_tim.o(i.TIM_SelectMasterSlaveMode), (18 bytes).
    Removing stm32f10x_tim.o(i.TIM_SelectOCxM), (82 bytes).
    Removing stm32f10x_tim.o(i.TIM_SelectOnePulseMode), (18 bytes).
    Removing stm32f10x_tim.o(i.TIM_SelectOutputTrigger), (18 bytes).
    Removing stm32f10x_tim.o(i.TIM_SelectSlaveMode), (18 bytes).
    Removing stm32f10x_tim.o(i.TIM_SetAutoreload), (4 bytes).
    Removing stm32f10x_tim.o(i.TIM_SetClockDivision), (18 bytes).
    Removing stm32f10x_tim.o(i.TIM_SetCompare1), (4 bytes).
    Removing stm32f10x_tim.o(i.TIM_SetCompare2), (4 bytes).
    Removing stm32f10x_tim.o(i.TIM_SetCompare3), (4 bytes).
    Removing stm32f10x_tim.o(i.TIM_SetCompare4), (6 bytes).
    Removing stm32f10x_tim.o(i.TIM_SetCounter), (4 bytes).
    Removing stm32f10x_tim.o(i.TIM_SetIC1Prescaler), (18 bytes).
    Removing stm32f10x_tim.o(i.TIM_SetIC2Prescaler), (26 bytes).
    Removing stm32f10x_tim.o(i.TIM_SetIC3Prescaler), (18 bytes).
    Removing stm32f10x_tim.o(i.TIM_SetIC4Prescaler), (26 bytes).
    Removing stm32f10x_tim.o(i.TIM_TIxExternalClockConfig), (62 bytes).
    Removing stm32f10x_tim.o(i.TIM_TimeBaseStructInit), (18 bytes).
    Removing stm32f10x_tim.o(i.TIM_UpdateDisableConfig), (24 bytes).
    Removing stm32f10x_tim.o(i.TIM_UpdateRequestConfig), (24 bytes).
    Removing stm32f10x_usart.o(i.USART_ClearFlag), (18 bytes).
    Removing stm32f10x_usart.o(i.USART_ClearITPendingBit), (30 bytes).
    Removing stm32f10x_usart.o(i.USART_ClockInit), (34 bytes).
    Removing stm32f10x_usart.o(i.USART_ClockStructInit), (12 bytes).
    Removing stm32f10x_usart.o(i.USART_DMACmd), (18 bytes).
    Removing stm32f10x_usart.o(i.USART_DeInit), (156 bytes).
    Removing stm32f10x_usart.o(i.USART_HalfDuplexCmd), (24 bytes).
    Removing stm32f10x_usart.o(i.USART_IrDACmd), (24 bytes).
    Removing stm32f10x_usart.o(i.USART_IrDAConfig), (18 bytes).
    Removing stm32f10x_usart.o(i.USART_LINBreakDetectLengthConfig), (18 bytes).
    Removing stm32f10x_usart.o(i.USART_LINCmd), (24 bytes).
    Removing stm32f10x_usart.o(i.USART_OneBitMethodCmd), (24 bytes).
    Removing stm32f10x_usart.o(i.USART_OverSampling8Cmd), (22 bytes).
    Removing stm32f10x_usart.o(i.USART_ReceiverWakeUpCmd), (24 bytes).
    Removing stm32f10x_usart.o(i.USART_SendBreak), (10 bytes).
    Removing stm32f10x_usart.o(i.USART_SetAddress), (18 bytes).
    Removing stm32f10x_usart.o(i.USART_SetGuardTime), (16 bytes).
    Removing stm32f10x_usart.o(i.USART_SetPrescaler), (16 bytes).
    Removing stm32f10x_usart.o(i.USART_SmartCardCmd), (24 bytes).
    Removing stm32f10x_usart.o(i.USART_SmartCardNACKCmd), (24 bytes).
    Removing stm32f10x_usart.o(i.USART_StructInit), (24 bytes).
    Removing stm32f10x_usart.o(i.USART_WakeUpConfig), (18 bytes).
    Removing stm32f10x_wwdg.o(i.WWDG_ClearFlag), (12 bytes).
    Removing stm32f10x_wwdg.o(i.WWDG_DeInit), (22 bytes).
    Removing stm32f10x_wwdg.o(i.WWDG_Enable), (16 bytes).
    Removing stm32f10x_wwdg.o(i.WWDG_EnableIT), (12 bytes).
    Removing stm32f10x_wwdg.o(i.WWDG_GetFlagStatus), (12 bytes).
    Removing stm32f10x_wwdg.o(i.WWDG_SetCounter), (16 bytes).
    Removing stm32f10x_wwdg.o(i.WWDG_SetPrescaler), (24 bytes).
    Removing stm32f10x_wwdg.o(i.WWDG_SetWindowValue), (40 bytes).
    Removing fdc2214.o(i.Cap_Calculate), (32 bytes).
    Removing fdc2214.o(.data), (4 bytes).
    Removing key.o(i.ClearFlag), (44 bytes).
    Removing key.o(i.Key_Init), (100 bytes).
    Removing key.o(i.key_exti_test), (298 bytes).
    Removing oled.o(i.Draw_BMP), (116 bytes).
    Removing oled.o(i.LCD_ShowxNum), (396 bytes).
    Removing oled.o(i.OLED_CLS), (10 bytes).
    Removing oled.o(i.OLED_OFF), (22 bytes).
    Removing oled.o(i.OLED_ON), (22 bytes).
    Removing oled.o(i.OLED_P6x8Str), (100 bytes).
    Removing oled.o(i.OLED_P8x16Str), (136 bytes).
    Removing oled.o(i.OLED_Show16x16), (84 bytes).
    Removing oled.o(i.OLED_Show6x8), (72 bytes).
    Removing oled.o(i.OLED_Show8x16), (108 bytes).
    Removing oled.o(i.OLED_keyboard), (84 bytes).
    Removing oled.o(i.Oled_Printf_Float), (288 bytes).
    Removing oled.o(i.Oled_Printf_U32), (230 bytes).
    Removing oled.o(i.Oled_Show_3), (130 bytes).
    Removing oled.o(i.Oled_Show_X), (130 bytes).
    Removing oled.o(i.UI_R), (56 bytes).
    Removing sortarr.o(i.SortArr), (86 bytes).
    Removing usart.o(i.Usart_SendArray), (48 bytes).
    Removing usart.o(i.Usart_SendHalfWord), (60 bytes).
    Removing usart.o(i._sys_exit), (6 bytes).
    Removing usart.o(i.fputc), (36 bytes).
    Removing usart.o(i.uart2_send_buff), (24 bytes).
    Removing usart.o(i.uart2_send_char), (32 bytes).
    Removing tim5.o(i.TIM3_init), (92 bytes).
    Removing stmflash.o(i.STMFLASH_Write_Halfword), (16 bytes).
    Removing sys.o(.emb_text), (6 bytes).
    Removing sys.o(i.INTX_DISABLE), (4 bytes).
    Removing sys.o(i.INTX_ENABLE), (4 bytes).
    Removing sys.o(i.WFI_SET), (4 bytes).
    Removing niming.o(i.mpu6050_send_data), (122 bytes).
    Removing niming.o(i.usart1_niming_report), (120 bytes).
    Removing niming.o(i.usart1_send_char), (28 bytes).
    Removing fadd.o(.text), (176 bytes).
    Removing ffixi.o(.text), (50 bytes).
    Removing cfcmple.o(.text), (20 bytes).
    Removing cfrcmple.o(.text), (20 bytes).

484 unused section(s) (total 21406 bytes) removed from the image.

==============================================================================

Image Symbol Table

    Local Symbols

    Symbol Name                              Value     Ov Type        Size  Object(Section)

    ../clib/../cmprslib/zerorunl2.c          0x00000000   Number         0  __dczerorl2.o ABSOLUTE
    ../clib/microlib/init/entry.s            0x00000000   Number         0  entry2.o ABSOLUTE
    ../clib/microlib/init/entry.s            0x00000000   Number         0  entry.o ABSOLUTE
    ../clib/microlib/init/entry.s            0x00000000   Number         0  entry7b.o ABSOLUTE
    ../clib/microlib/init/entry.s            0x00000000   Number         0  entry7a.o ABSOLUTE
    ../clib/microlib/init/entry.s            0x00000000   Number         0  entry10b.o ABSOLUTE
    ../clib/microlib/init/entry.s            0x00000000   Number         0  entry11a.o ABSOLUTE
    ../clib/microlib/init/entry.s            0x00000000   Number         0  entry5.o ABSOLUTE
    ../clib/microlib/init/entry.s            0x00000000   Number         0  entry11b.o ABSOLUTE
    ../clib/microlib/init/entry.s            0x00000000   Number         0  entry12a.o ABSOLUTE
    ../clib/microlib/init/entry.s            0x00000000   Number         0  entry10a.o ABSOLUTE
    ../clib/microlib/init/entry.s            0x00000000   Number         0  entry12b.o ABSOLUTE
    ../clib/microlib/init/entry.s            0x00000000   Number         0  entry9b.o ABSOLUTE
    ../clib/microlib/init/entry.s            0x00000000   Number         0  entry9a.o ABSOLUTE
    ../clib/microlib/init/entry.s            0x00000000   Number         0  entry8b.o ABSOLUTE
    ../clib/microlib/init/entry.s            0x00000000   Number         0  entry8a.o ABSOLUTE
    ../clib/microlib/string/memset.c         0x00000000   Number         0  memseta.o ABSOLUTE
    ../clib/microlib/stubs.s                 0x00000000   Number         0  iusefp.o ABSOLUTE
    ../clib/microlib/stubs.s                 0x00000000   Number         0  useno.o ABSOLUTE
    ../fplib/microlib/fpadd.c                0x00000000   Number         0  fadd.o ABSOLUTE
    ../fplib/microlib/fpdiv.c                0x00000000   Number         0  fdiv.o ABSOLUTE
    ../fplib/microlib/fpepilogue.c           0x00000000   Number         0  fepilogue.o ABSOLUTE
    ../fplib/microlib/fpfix.c                0x00000000   Number         0  ffixui.o ABSOLUTE
    ../fplib/microlib/fpfix.c                0x00000000   Number         0  ffixi.o ABSOLUTE
    ../fplib/microlib/fpflt.c                0x00000000   Number         0  ffltui.o ABSOLUTE
    ../fplib/microlib/fpmul.c                0x00000000   Number         0  fmul.o ABSOLUTE
    Libraries\CMSIS\CM3\CoreSupport\core_cm3.c 0x00000000   Number         0  core_cm3.o ABSOLUTE
    Libraries\CMSIS\CM3\DeviceSupport\ST\STM32F10x\startup\arm\startup_stm32f10x_md.s 0x00000000   Number         0  startup_stm32f10x_md.o ABSOLUTE
    Libraries\CMSIS\CM3\DeviceSupport\ST\STM32F10x\system_stm32f10x.c 0x00000000   Number         0  system_stm32f10x.o ABSOLUTE
    Libraries\STM32F10x_StdPeriph_Driver\src\misc.c 0x00000000   Number         0  misc.o ABSOLUTE
    Libraries\STM32F10x_StdPeriph_Driver\src\stm32f10x_adc.c 0x00000000   Number         0  stm32f10x_adc.o ABSOLUTE
    Libraries\STM32F10x_StdPeriph_Driver\src\stm32f10x_bkp.c 0x00000000   Number         0  stm32f10x_bkp.o ABSOLUTE
    Libraries\STM32F10x_StdPeriph_Driver\src\stm32f10x_can.c 0x00000000   Number         0  stm32f10x_can.o ABSOLUTE
    Libraries\STM32F10x_StdPeriph_Driver\src\stm32f10x_cec.c 0x00000000   Number         0  stm32f10x_cec.o ABSOLUTE
    Libraries\STM32F10x_StdPeriph_Driver\src\stm32f10x_crc.c 0x00000000   Number         0  stm32f10x_crc.o ABSOLUTE
    Libraries\STM32F10x_StdPeriph_Driver\src\stm32f10x_dac.c 0x00000000   Number         0  stm32f10x_dac.o ABSOLUTE
    Libraries\STM32F10x_StdPeriph_Driver\src\stm32f10x_dbgmcu.c 0x00000000   Number         0  stm32f10x_dbgmcu.o ABSOLUTE
    Libraries\STM32F10x_StdPeriph_Driver\src\stm32f10x_dma.c 0x00000000   Number         0  stm32f10x_dma.o ABSOLUTE
    Libraries\STM32F10x_StdPeriph_Driver\src\stm32f10x_exti.c 0x00000000   Number         0  stm32f10x_exti.o ABSOLUTE
    Libraries\STM32F10x_StdPeriph_Driver\src\stm32f10x_flash.c 0x00000000   Number         0  stm32f10x_flash.o ABSOLUTE
    Libraries\STM32F10x_StdPeriph_Driver\src\stm32f10x_fsmc.c 0x00000000   Number         0  stm32f10x_fsmc.o ABSOLUTE
    Libraries\STM32F10x_StdPeriph_Driver\src\stm32f10x_gpio.c 0x00000000   Number         0  stm32f10x_gpio.o ABSOLUTE
    Libraries\STM32F10x_StdPeriph_Driver\src\stm32f10x_i2c.c 0x00000000   Number         0  stm32f10x_i2c.o ABSOLUTE
    Libraries\STM32F10x_StdPeriph_Driver\src\stm32f10x_iwdg.c 0x00000000   Number         0  stm32f10x_iwdg.o ABSOLUTE
    Libraries\STM32F10x_StdPeriph_Driver\src\stm32f10x_pwr.c 0x00000000   Number         0  stm32f10x_pwr.o ABSOLUTE
    Libraries\STM32F10x_StdPeriph_Driver\src\stm32f10x_rcc.c 0x00000000   Number         0  stm32f10x_rcc.o ABSOLUTE
    Libraries\STM32F10x_StdPeriph_Driver\src\stm32f10x_rtc.c 0x00000000   Number         0  stm32f10x_rtc.o ABSOLUTE
    Libraries\STM32F10x_StdPeriph_Driver\src\stm32f10x_sdio.c 0x00000000   Number         0  stm32f10x_sdio.o ABSOLUTE
    Libraries\STM32F10x_StdPeriph_Driver\src\stm32f10x_spi.c 0x00000000   Number         0  stm32f10x_spi.o ABSOLUTE
    Libraries\STM32F10x_StdPeriph_Driver\src\stm32f10x_tim.c 0x00000000   Number         0  stm32f10x_tim.o ABSOLUTE
    Libraries\STM32F10x_StdPeriph_Driver\src\stm32f10x_usart.c 0x00000000   Number         0  stm32f10x_usart.o ABSOLUTE
    Libraries\STM32F10x_StdPeriph_Driver\src\stm32f10x_wwdg.c 0x00000000   Number         0  stm32f10x_wwdg.o ABSOLUTE
    Libraries\\CMSIS\\CM3\\CoreSupport\\core_cm3.c 0x00000000   Number         0  core_cm3.o ABSOLUTE
    SYSTEM\\sys\\sys.c                       0x00000000   Number         0  sys.o ABSOLUTE
    SYSTEM\delay\delay.c                     0x00000000   Number         0  delay.o ABSOLUTE
    SYSTEM\sys\sys.c                         0x00000000   Number         0  sys.o ABSOLUTE
    SYSTEM\usart\usart.c                     0x00000000   Number         0  usart.o ABSOLUTE
    Text\FDC2214\fdc2214.c                   0x00000000   Number         0  fdc2214.o ABSOLUTE
    Text\FLASH\stmflash.c                    0x00000000   Number         0  stmflash.o ABSOLUTE
    Text\KEY\key.c                           0x00000000   Number         0  key.o ABSOLUTE
    Text\LED\led.c                           0x00000000   Number         0  led.o ABSOLUTE
    Text\OLED\oled.c                         0x00000000   Number         0  oled.o ABSOLUTE
    Text\Send\niming.c                       0x00000000   Number         0  niming.o ABSOLUTE
    Text\SortArr\SortArr.c                   0x00000000   Number         0  sortarr.o ABSOLUTE
    Text\Time5\tim5.c                        0x00000000   Number         0  tim5.o ABSOLUTE
    User\main.c                              0x00000000   Number         0  main.o ABSOLUTE
    User\stm32f10x_it.c                      0x00000000   Number         0  stm32f10x_it.o ABSOLUTE
    cfcmple.s                                0x00000000   Number         0  cfcmple.o ABSOLUTE
    cfrcmple.s                               0x00000000   Number         0  cfrcmple.o ABSOLUTE
    dc.s                                     0x00000000   Number         0  dc.o ABSOLUTE
    handlers.s                               0x00000000   Number         0  handlers.o ABSOLUTE
    init.s                                   0x00000000   Number         0  init.o ABSOLUTE
    RESET                                    0x08000000   Section      236  startup_stm32f10x_md.o(RESET)
    .ARM.Collect$$$$00000000                 0x080000ec   Section        0  entry.o(.ARM.Collect$$$$00000000)
    .ARM.Collect$$$$00000001                 0x080000ec   Section        4  entry2.o(.ARM.Collect$$$$00000001)
    .ARM.Collect$$$$00000004                 0x080000f0   Section        4  entry5.o(.ARM.Collect$$$$00000004)
    .ARM.Collect$$$$00000008                 0x080000f4   Section        0  entry7b.o(.ARM.Collect$$$$00000008)
    .ARM.Collect$$$$0000000A                 0x080000f4   Section        0  entry8b.o(.ARM.Collect$$$$0000000A)
    .ARM.Collect$$$$0000000B                 0x080000f4   Section        8  entry9a.o(.ARM.Collect$$$$0000000B)
    .ARM.Collect$$$$0000000E                 0x080000fc   Section        4  entry12b.o(.ARM.Collect$$$$0000000E)
    .ARM.Collect$$$$0000000F                 0x08000100   Section        0  entry10a.o(.ARM.Collect$$$$0000000F)
    .ARM.Collect$$$$00000011                 0x08000100   Section        0  entry11a.o(.ARM.Collect$$$$00000011)
    .ARM.Collect$$$$00002712                 0x08000100   Section        4  entry2.o(.ARM.Collect$$$$00002712)
    __lit__00000000                          0x08000100   Data           4  entry2.o(.ARM.Collect$$$$00002712)
    .text                                    0x08000104   Section       36  startup_stm32f10x_md.o(.text)
    .text                                    0x08000128   Section        0  memseta.o(.text)
    .text                                    0x0800014c   Section        0  fmul.o(.text)
    .text                                    0x080001b0   Section        0  fdiv.o(.text)
    .text                                    0x0800022c   Section        0  ffltui.o(.text)
    .text                                    0x08000236   Section        0  ffixui.o(.text)
    .text                                    0x0800025e   Section        0  fepilogue.o(.text)
    .text                                    0x0800025e   Section        0  iusefp.o(.text)
    .text                                    0x080002cc   Section       36  init.o(.text)
    .text                                    0x080002f0   Section        0  __dczerorl2.o(.text)
    i.Beep_Init                              0x08000348   Section        0  led.o(i.Beep_Init)
    i.BusFault_Handler                       0x08000380   Section        0  stm32f10x_it.o(i.BusFault_Handler)
    i.BuzzerBeep                             0x08000384   Section        0  main.o(i.BuzzerBeep)
    i.Data2ASCII                             0x080003b4   Section        0  oled.o(i.Data2ASCII)
    i.Data2ASCII3Figure                      0x080004c4   Section        0  oled.o(i.Data2ASCII3Figure)
    i.DebugMon_Handler                       0x0800050c   Section        0  stm32f10x_it.o(i.DebugMon_Handler)
    i.EXTI15_10_IRQHandler                   0x08000510   Section        0  key.o(i.EXTI15_10_IRQHandler)
    i.EXTI9_5_IRQHandler                     0x080005c4   Section        0  key.o(i.EXTI9_5_IRQHandler)
    i.EXTI_ClearITPendingBit                 0x08000654   Section        0  stm32f10x_exti.o(i.EXTI_ClearITPendingBit)
    i.EXTI_GetITStatus                       0x08000660   Section        0  stm32f10x_exti.o(i.EXTI_GetITStatus)
    i.FCD2214_ReadCH                         0x08000688   Section        0  fdc2214.o(i.FCD2214_ReadCH)
    i.FDC2214_Init                           0x08000700   Section        0  fdc2214.o(i.FDC2214_Init)
    i.FDC_GPIO_Init                          0x080007ba   Section        0  fdc2214.o(i.FDC_GPIO_Init)
    i.FDC_IIC_Ack                            0x080007bc   Section        0  fdc2214.o(i.FDC_IIC_Ack)
    i.FDC_IIC_Delay                          0x08000808   Section        0  fdc2214.o(i.FDC_IIC_Delay)
    i.FDC_IIC_Init                           0x08000814   Section        0  fdc2214.o(i.FDC_IIC_Init)
    i.FDC_IIC_NAck                           0x08000894   Section        0  fdc2214.o(i.FDC_IIC_NAck)
    i.FDC_IIC_Read_Byte                      0x080008e0   Section        0  fdc2214.o(i.FDC_IIC_Read_Byte)
    i.FDC_IIC_Send_Byte                      0x0800094c   Section        0  fdc2214.o(i.FDC_IIC_Send_Byte)
    i.FDC_IIC_Start                          0x080009a8   Section        0  fdc2214.o(i.FDC_IIC_Start)
    i.FDC_IIC_Stop                           0x080009f0   Section        0  fdc2214.o(i.FDC_IIC_Stop)
    i.FDC_IIC_Wait_Ack                       0x08000a38   Section        0  fdc2214.o(i.FDC_IIC_Wait_Ack)
    i.FDC_Read                               0x08000a9c   Section        0  fdc2214.o(i.FDC_Read)
    i.FLASHInit                              0x08000ae0   Section        0  stmflash.o(i.FLASHInit)
    i.FLASHReset                             0x08000ba4   Section        0  stmflash.o(i.FLASHReset)
    i.FLASHSave                              0x08000bc0   Section        0  stmflash.o(i.FLASHSave)
    i.FLASH_ClearFlag                        0x08000d00   Section        0  stm32f10x_flash.o(i.FLASH_ClearFlag)
    i.FLASH_ErasePage                        0x08000d0c   Section        0  stm32f10x_flash.o(i.FLASH_ErasePage)
    i.FLASH_GetBank1Status                   0x08000d58   Section        0  stm32f10x_flash.o(i.FLASH_GetBank1Status)
    i.FLASH_Lock                             0x08000d8c   Section        0  stm32f10x_flash.o(i.FLASH_Lock)
    i.FLASH_ProgramHalfWord                  0x08000da0   Section        0  stm32f10x_flash.o(i.FLASH_ProgramHalfWord)
    i.FLASH_Unlock                           0x08000de0   Section        0  stm32f10x_flash.o(i.FLASH_Unlock)
    i.FLASH_WaitForLastOperation             0x08000df8   Section        0  stm32f10x_flash.o(i.FLASH_WaitForLastOperation)
    i.FilteredFCD2214ReadCH                  0x08000e1e   Section        0  fdc2214.o(i.FilteredFCD2214ReadCH)
    i.GPIO_Init                              0x08000e98   Section        0  stm32f10x_gpio.o(i.GPIO_Init)
    i.GPIO_PinRemapConfig                    0x08000fb0   Section        0  stm32f10x_gpio.o(i.GPIO_PinRemapConfig)
    i.GPIO_ReadInputData                     0x08001040   Section        0  stm32f10x_gpio.o(i.GPIO_ReadInputData)
    i.GPIO_ReadInputDataBit                  0x08001048   Section        0  stm32f10x_gpio.o(i.GPIO_ReadInputDataBit)
    i.GPIO_ResetBits                         0x0800105a   Section        0  stm32f10x_gpio.o(i.GPIO_ResetBits)
    i.GPIO_SetBits                           0x0800105e   Section        0  stm32f10x_gpio.o(i.GPIO_SetBits)
    i.GPIO_Write                             0x08001062   Section        0  stm32f10x_gpio.o(i.GPIO_Write)
    i.HardFault_Handler                      0x08001066   Section        0  stm32f10x_it.o(i.HardFault_Handler)
    i.IIC_Start                              0x0800106c   Section        0  oled.o(i.IIC_Start)
    i.IIC_Stop                               0x080010a4   Section        0  oled.o(i.IIC_Stop)
    i.JudgePaperNum                          0x080010dc   Section        0  main.o(i.JudgePaperNum)
    i.Key_Scan                               0x08001138   Section        0  key.o(i.Key_Scan)
    i.KeyscanINIT                            0x080011ac   Section        0  key.o(i.KeyscanINIT)
    i.LED_Init                               0x08001208   Section        0  led.o(i.LED_Init)
    i.MemManage_Handler                      0x0800123c   Section        0  stm32f10x_it.o(i.MemManage_Handler)
    i.NMI_Handler                            0x08001240   Section        0  stm32f10x_it.o(i.NMI_Handler)
    i.NVIC_Init                              0x08001244   Section        0  misc.o(i.NVIC_Init)
    i.NVIC_PriorityGroupConfig               0x080012b4   Section        0  misc.o(i.NVIC_PriorityGroupConfig)
    i.OLED_Fill                              0x080012c8   Section        0  oled.o(i.OLED_Fill)
    i.OLED_GPIO_Init                         0x08001304   Section        0  oled.o(i.OLED_GPIO_Init)
    i.OLED_PaperNumTitle                     0x0800133c   Section        0  oled.o(i.OLED_PaperNumTitle)
    i.OLED_Set_Pos                           0x08001434   Section        0  oled.o(i.OLED_Set_Pos)
    i.OLED_ShowCN                            0x0800145c   Section        0  oled.o(i.OLED_ShowCN)
    i.OLED_ShowNum                           0x080014b0   Section        0  oled.o(i.OLED_ShowNum)
    i.OLED_ShowOneNum                        0x08001550   Section        0  oled.o(i.OLED_ShowOneNum)
    i.OLED_ShowStr                           0x08001610   Section        0  oled.o(i.OLED_ShowStr)
    i.OLED_WrCmd                             0x080016fc   Section        0  oled.o(i.OLED_WrCmd)
    i.OLED_WrDat                             0x0800171c   Section        0  oled.o(i.OLED_WrDat)
    i.Oled_Init                              0x0800173c   Section        0  oled.o(i.Oled_Init)
    i.PendSV_Handler                         0x08001800   Section        0  stm32f10x_it.o(i.PendSV_Handler)
    i.RCC_APB1PeriphClockCmd                 0x08001804   Section        0  stm32f10x_rcc.o(i.RCC_APB1PeriphClockCmd)
    i.RCC_APB2PeriphClockCmd                 0x08001824   Section        0  stm32f10x_rcc.o(i.RCC_APB2PeriphClockCmd)
    i.RCC_GetClocksFreq                      0x08001844   Section        0  stm32f10x_rcc.o(i.RCC_GetClocksFreq)
    i.STMFLASH_Read                          0x08001918   Section        0  stmflash.o(i.STMFLASH_Read)
    i.STMFLASH_ReadHalfWord                  0x0800193a   Section        0  stmflash.o(i.STMFLASH_ReadHalfWord)
    i.STMFLASH_Write                         0x08001940   Section        0  stmflash.o(i.STMFLASH_Write)
    i.STMFLASH_Write_NoCheck                 0x08001a28   Section        0  stmflash.o(i.STMFLASH_Write_NoCheck)
    i.SVC_Handler                            0x08001a54   Section        0  stm32f10x_it.o(i.SVC_Handler)
    i.SetSysClock                            0x08001a56   Section        0  system_stm32f10x.o(i.SetSysClock)
    SetSysClock                              0x08001a57   Thumb Code     8  system_stm32f10x.o(i.SetSysClock)
    i.SetSysClockTo72                        0x08001a60   Section        0  system_stm32f10x.o(i.SetSysClockTo72)
    SetSysClockTo72                          0x08001a61   Thumb Code   214  system_stm32f10x.o(i.SetSysClockTo72)
    i.Set_FDC2214                            0x08001b40   Section        0  fdc2214.o(i.Set_FDC2214)
    i.SysTick_CLKSourceConfig                0x08001b9a   Section        0  misc.o(i.SysTick_CLKSourceConfig)
    i.SysTick_Handler                        0x08001bc2   Section        0  stm32f10x_it.o(i.SysTick_Handler)
    i.SystemInit                             0x08001bc4   Section        0  system_stm32f10x.o(i.SystemInit)
    i.TIM2_IRQHandler                        0x08001c24   Section        0  main.o(i.TIM2_IRQHandler)
    i.TIM2_init                              0x08001c5c   Section        0  tim5.o(i.TIM2_init)
    i.TIM_Cmd                                0x08001cb6   Section        0  stm32f10x_tim.o(i.TIM_Cmd)
    i.TIM_ITConfig                           0x08001cce   Section        0  stm32f10x_tim.o(i.TIM_ITConfig)
    i.TIM_TimeBaseInit                       0x08001ce0   Section        0  stm32f10x_tim.o(i.TIM_TimeBaseInit)
    i.USART1_IRQHandler                      0x08001d84   Section        0  usart.o(i.USART1_IRQHandler)
    i.USART2_IRQHandler                      0x08001dc8   Section        0  usart.o(i.USART2_IRQHandler)
    i.USART_Cmd                              0x08001dec   Section        0  stm32f10x_usart.o(i.USART_Cmd)
    i.USART_GetFlagStatus                    0x08001e04   Section        0  stm32f10x_usart.o(i.USART_GetFlagStatus)
    i.USART_GetITStatus                      0x08001e1e   Section        0  stm32f10x_usart.o(i.USART_GetITStatus)
    i.USART_ITConfig                         0x08001e72   Section        0  stm32f10x_usart.o(i.USART_ITConfig)
    i.USART_Init                             0x08001ebc   Section        0  stm32f10x_usart.o(i.USART_Init)
    i.USART_ReceiveData                      0x08001f94   Section        0  stm32f10x_usart.o(i.USART_ReceiveData)
    i.USART_SendData                         0x08001f9e   Section        0  stm32f10x_usart.o(i.USART_SendData)
    i.UsageFault_Handler                     0x08001fa6   Section        0  stm32f10x_it.o(i.UsageFault_Handler)
    i.Usart_SendByte                         0x08001faa   Section        0  usart.o(i.Usart_SendByte)
    i.Usart_SendString                       0x08001fc8   Section        0  usart.o(i.Usart_SendString)
    i.Write_IIC_Byte                         0x08001ff4   Section        0  oled.o(i.Write_IIC_Byte)
    i.__scatterload_copy                     0x0800205c   Section       14  handlers.o(i.__scatterload_copy)
    i.__scatterload_null                     0x0800206a   Section        2  handlers.o(i.__scatterload_null)
    i.__scatterload_zeroinit                 0x0800206c   Section       14  handlers.o(i.__scatterload_zeroinit)
    i.delay_init                             0x0800207c   Section        0  delay.o(i.delay_init)
    i.delay_ms                               0x080020c0   Section        0  delay.o(i.delay_ms)
    i.delay_us                               0x0800210c   Section        0  delay.o(i.delay_us)
    i.keyscan                                0x08002158   Section        0  key.o(i.keyscan)
    i.main                                   0x08002310   Section        0  main.o(i.main)
    i.uart2_init                             0x08002910   Section        0  usart.o(i.uart2_init)
    i.uart_init                              0x080029b8   Section        0  usart.o(i.uart_init)
    i.yuyin                                  0x08002a58   Section        0  main.o(i.yuyin)
    .constdata                               0x08002db0   Section     2078  oled.o(.constdata)
    .constdata                               0x080035d0   Section      682  stmflash.o(.constdata)
    .data                                    0x20000000   Section       48  main.o(.data)
    .data                                    0x20000030   Section       20  system_stm32f10x.o(.data)
    .data                                    0x20000044   Section       20  stm32f10x_rcc.o(.data)
    APBAHBPrescTable                         0x20000044   Data          16  stm32f10x_rcc.o(.data)
    ADCPrescTable                            0x20000054   Data           4  stm32f10x_rcc.o(.data)
    .data                                    0x20000058   Section        6  key.o(.data)
    .data                                    0x2000005e   Section     3952  oled.o(.data)
    .data                                    0x20000fd0   Section        6  usart.o(.data)
    .data                                    0x20000fd6   Section        4  delay.o(.data)
    fac_us                                   0x20000fd6   Data           1  delay.o(.data)
    fac_ms                                   0x20000fd8   Data           2  delay.o(.data)
    .bss                                     0x20000fdc   Section       16  main.o(.bss)
    .bss                                     0x20000fec   Section       14  oled.o(.bss)
    .bss                                     0x20000ffa   Section      200  usart.o(.bss)
    .bss                                     0x200010c4   Section     2556  stmflash.o(.bss)
    STACK                                    0x20001ac0   Section     1024  startup_stm32f10x_md.o(STACK)

    Global Symbols

    Symbol Name                              Value     Ov Type        Size  Object(Section)

    BuildAttributes$$THM_ISAv4$P$D$K$B$S$PE$A:L22UL41UL21$X:L11$S22US41US21$IEEE1$IW$USESV6$~STKCKD$USESV7$~SHL$OTIME$ROPI$EBA8$MICROLIB$REQ8$PRES8$EABIv2 0x00000000   Number         0  anon$$obj.o ABSOLUTE
    __ARM_use_no_argv                        0x00000000   Number         0  main.o ABSOLUTE
    __use_no_errno                           0x00000000   Number         0  useno.o ABSOLUTE
    __use_no_exception_handling              0x00000000   Number         0  useno.o ABSOLUTE
    __use_no_fp                              0x00000000   Number         0  useno.o ABSOLUTE
    __use_no_heap                            0x00000000   Number         0  useno.o ABSOLUTE
    __use_no_heap_region                     0x00000000   Number         0  useno.o ABSOLUTE
    __use_no_semihosting                     0x00000000   Number         0  useno.o ABSOLUTE
    __use_no_semihosting_swi                 0x00000000   Number         0  useno.o ABSOLUTE
    __use_no_signal_handling                 0x00000000   Number         0  useno.o ABSOLUTE
    __arm_fini_                               - Undefined Weak Reference
    __cpp_initialize__aeabi_                  - Undefined Weak Reference
    __cxa_finalize                            - Undefined Weak Reference
    _clock_init                               - Undefined Weak Reference
    _microlib_exit                            - Undefined Weak Reference
    __Vectors_Size                           0x000000ec   Number         0  startup_stm32f10x_md.o ABSOLUTE
    __Vectors                                0x08000000   Data           4  startup_stm32f10x_md.o(RESET)
    __Vectors_End                            0x080000ec   Data           0  startup_stm32f10x_md.o(RESET)
    __main                                   0x080000ed   Thumb Code     0  entry.o(.ARM.Collect$$$$00000000)
    _main_stk                                0x080000ed   Thumb Code     0  entry2.o(.ARM.Collect$$$$00000001)
    _main_scatterload                        0x080000f1   Thumb Code     0  entry5.o(.ARM.Collect$$$$00000004)
    __main_after_scatterload                 0x080000f5   Thumb Code     0  entry5.o(.ARM.Collect$$$$00000004)
    _main_clock                              0x080000f5   Thumb Code     0  entry7b.o(.ARM.Collect$$$$00000008)
    _main_cpp_init                           0x080000f5   Thumb Code     0  entry8b.o(.ARM.Collect$$$$0000000A)
    _main_init                               0x080000f5   Thumb Code     0  entry9a.o(.ARM.Collect$$$$0000000B)
    __rt_lib_shutdown_fini                   0x080000fd   Thumb Code     0  entry12b.o(.ARM.Collect$$$$0000000E)
    __rt_final_cpp                           0x08000101   Thumb Code     0  entry10a.o(.ARM.Collect$$$$0000000F)
    __rt_final_exit                          0x08000101   Thumb Code     0  entry11a.o(.ARM.Collect$$$$00000011)
    Reset_Handler                            0x08000105   Thumb Code     8  startup_stm32f10x_md.o(.text)
    ADC1_2_IRQHandler                        0x0800011f   Thumb Code     0  startup_stm32f10x_md.o(.text)
    CAN1_RX1_IRQHandler                      0x0800011f   Thumb Code     0  startup_stm32f10x_md.o(.text)
    CAN1_SCE_IRQHandler                      0x0800011f   Thumb Code     0  startup_stm32f10x_md.o(.text)
    DMA1_Channel1_IRQHandler                 0x0800011f   Thumb Code     0  startup_stm32f10x_md.o(.text)
    DMA1_Channel2_IRQHandler                 0x0800011f   Thumb Code     0  startup_stm32f10x_md.o(.text)
    DMA1_Channel3_IRQHandler                 0x0800011f   Thumb Code     0  startup_stm32f10x_md.o(.text)
    DMA1_Channel4_IRQHandler                 0x0800011f   Thumb Code     0  startup_stm32f10x_md.o(.text)
    DMA1_Channel5_IRQHandler                 0x0800011f   Thumb Code     0  startup_stm32f10x_md.o(.text)
    DMA1_Channel6_IRQHandler                 0x0800011f   Thumb Code     0  startup_stm32f10x_md.o(.text)
    DMA1_Channel7_IRQHandler                 0x0800011f   Thumb Code     0  startup_stm32f10x_md.o(.text)
    EXTI0_IRQHandler                         0x0800011f   Thumb Code     0  startup_stm32f10x_md.o(.text)
    EXTI1_IRQHandler                         0x0800011f   Thumb Code     0  startup_stm32f10x_md.o(.text)
    EXTI2_IRQHandler                         0x0800011f   Thumb Code     0  startup_stm32f10x_md.o(.text)
    EXTI3_IRQHandler                         0x0800011f   Thumb Code     0  startup_stm32f10x_md.o(.text)
    EXTI4_IRQHandler                         0x0800011f   Thumb Code     0  startup_stm32f10x_md.o(.text)
    FLASH_IRQHandler                         0x0800011f   Thumb Code     0  startup_stm32f10x_md.o(.text)
    I2C1_ER_IRQHandler                       0x0800011f   Thumb Code     0  startup_stm32f10x_md.o(.text)
    I2C1_EV_IRQHandler                       0x0800011f   Thumb Code     0  startup_stm32f10x_md.o(.text)
    I2C2_ER_IRQHandler                       0x0800011f   Thumb Code     0  startup_stm32f10x_md.o(.text)
    I2C2_EV_IRQHandler                       0x0800011f   Thumb Code     0  startup_stm32f10x_md.o(.text)
    PVD_IRQHandler                           0x0800011f   Thumb Code     0  startup_stm32f10x_md.o(.text)
    RCC_IRQHandler                           0x0800011f   Thumb Code     0  startup_stm32f10x_md.o(.text)
    RTCAlarm_IRQHandler                      0x0800011f   Thumb Code     0  startup_stm32f10x_md.o(.text)
    RTC_IRQHandler                           0x0800011f   Thumb Code     0  startup_stm32f10x_md.o(.text)
    SPI1_IRQHandler                          0x0800011f   Thumb Code     0  startup_stm32f10x_md.o(.text)
    SPI2_IRQHandler                          0x0800011f   Thumb Code     0  startup_stm32f10x_md.o(.text)
    TAMPER_IRQHandler                        0x0800011f   Thumb Code     0  startup_stm32f10x_md.o(.text)
    TIM1_BRK_IRQHandler                      0x0800011f   Thumb Code     0  startup_stm32f10x_md.o(.text)
    TIM1_CC_IRQHandler                       0x0800011f   Thumb Code     0  startup_stm32f10x_md.o(.text)
    TIM1_TRG_COM_IRQHandler                  0x0800011f   Thumb Code     0  startup_stm32f10x_md.o(.text)
    TIM1_UP_IRQHandler                       0x0800011f   Thumb Code     0  startup_stm32f10x_md.o(.text)
    TIM3_IRQHandler                          0x0800011f   Thumb Code     0  startup_stm32f10x_md.o(.text)
    TIM4_IRQHandler                          0x0800011f   Thumb Code     0  startup_stm32f10x_md.o(.text)
    USART3_IRQHandler                        0x0800011f   Thumb Code     0  startup_stm32f10x_md.o(.text)
    USBWakeUp_IRQHandler                     0x0800011f   Thumb Code     0  startup_stm32f10x_md.o(.text)
    USB_HP_CAN1_TX_IRQHandler                0x0800011f   Thumb Code     0  startup_stm32f10x_md.o(.text)
    USB_LP_CAN1_RX0_IRQHandler               0x0800011f   Thumb Code     0  startup_stm32f10x_md.o(.text)
    WWDG_IRQHandler                          0x0800011f   Thumb Code     0  startup_stm32f10x_md.o(.text)
    __aeabi_memset                           0x08000129   Thumb Code    14  memseta.o(.text)
    __aeabi_memset4                          0x08000129   Thumb Code     0  memseta.o(.text)
    __aeabi_memset8                          0x08000129   Thumb Code     0  memseta.o(.text)
    __aeabi_memclr                           0x08000137   Thumb Code     4  memseta.o(.text)
    __aeabi_memclr4                          0x08000137   Thumb Code     0  memseta.o(.text)
    __aeabi_memclr8                          0x08000137   Thumb Code     0  memseta.o(.text)
    _memset$wrapper                          0x0800013b   Thumb Code    18  memseta.o(.text)
    __aeabi_fmul                             0x0800014d   Thumb Code   100  fmul.o(.text)
    __aeabi_fdiv                             0x080001b1   Thumb Code   124  fdiv.o(.text)
    __aeabi_ui2f                             0x0800022d   Thumb Code    10  ffltui.o(.text)
    __aeabi_f2uiz                            0x08000237   Thumb Code    40  ffixui.o(.text)
    __I$use$fp                               0x0800025f   Thumb Code     0  iusefp.o(.text)
    _float_round                             0x0800025f   Thumb Code    18  fepilogue.o(.text)
    _float_epilogue                          0x08000271   Thumb Code    92  fepilogue.o(.text)
    __scatterload                            0x080002cd   Thumb Code    28  init.o(.text)
    __scatterload_rt2                        0x080002cd   Thumb Code     0  init.o(.text)
    __decompress                             0x080002f1   Thumb Code     0  __dczerorl2.o(.text)
    __decompress1                            0x080002f1   Thumb Code    86  __dczerorl2.o(.text)
    Beep_Init                                0x08000349   Thumb Code    50  led.o(i.Beep_Init)
    BusFault_Handler                         0x08000381   Thumb Code     4  stm32f10x_it.o(i.BusFault_Handler)
    BuzzerBeep                               0x08000385   Thumb Code    42  main.o(i.BuzzerBeep)
    Data2ASCII                               0x080003b5   Thumb Code   246  oled.o(i.Data2ASCII)
    Data2ASCII3Figure                        0x080004c5   Thumb Code    66  oled.o(i.Data2ASCII3Figure)
    DebugMon_Handler                         0x0800050d   Thumb Code     2  stm32f10x_it.o(i.DebugMon_Handler)
    EXTI15_10_IRQHandler                     0x08000511   Thumb Code   166  key.o(i.EXTI15_10_IRQHandler)
    EXTI9_5_IRQHandler                       0x080005c5   Thumb Code   136  key.o(i.EXTI9_5_IRQHandler)
    EXTI_ClearITPendingBit                   0x08000655   Thumb Code     6  stm32f10x_exti.o(i.EXTI_ClearITPendingBit)
    EXTI_GetITStatus                         0x08000661   Thumb Code    34  stm32f10x_exti.o(i.EXTI_GetITStatus)
    FCD2214_ReadCH                           0x08000689   Thumb Code   120  fdc2214.o(i.FCD2214_ReadCH)
    FDC2214_Init                             0x08000701   Thumb Code   186  fdc2214.o(i.FDC2214_Init)
    FDC_GPIO_Init                            0x080007bb   Thumb Code     2  fdc2214.o(i.FDC_GPIO_Init)
    FDC_IIC_Ack                              0x080007bd   Thumb Code    62  fdc2214.o(i.FDC_IIC_Ack)
    FDC_IIC_Delay                            0x08000809   Thumb Code    10  fdc2214.o(i.FDC_IIC_Delay)
    FDC_IIC_Init                             0x08000815   Thumb Code   122  fdc2214.o(i.FDC_IIC_Init)
    FDC_IIC_NAck                             0x08000895   Thumb Code    62  fdc2214.o(i.FDC_IIC_NAck)
    FDC_IIC_Read_Byte                        0x080008e1   Thumb Code    94  fdc2214.o(i.FDC_IIC_Read_Byte)
    FDC_IIC_Send_Byte                        0x0800094d   Thumb Code    80  fdc2214.o(i.FDC_IIC_Send_Byte)
    FDC_IIC_Start                            0x080009a9   Thumb Code    60  fdc2214.o(i.FDC_IIC_Start)
    FDC_IIC_Stop                             0x080009f1   Thumb Code    58  fdc2214.o(i.FDC_IIC_Stop)
    FDC_IIC_Wait_Ack                         0x08000a39   Thumb Code    86  fdc2214.o(i.FDC_IIC_Wait_Ack)
    FDC_Read                                 0x08000a9d   Thumb Code    66  fdc2214.o(i.FDC_Read)
    FLASHInit                                0x08000ae1   Thumb Code   176  stmflash.o(i.FLASHInit)
    FLASHReset                               0x08000ba5   Thumb Code    24  stmflash.o(i.FLASHReset)
    FLASHSave                                0x08000bc1   Thumb Code   290  stmflash.o(i.FLASHSave)
    FLASH_ClearFlag                          0x08000d01   Thumb Code     6  stm32f10x_flash.o(i.FLASH_ClearFlag)
    FLASH_ErasePage                          0x08000d0d   Thumb Code    72  stm32f10x_flash.o(i.FLASH_ErasePage)
    FLASH_GetBank1Status                     0x08000d59   Thumb Code    48  stm32f10x_flash.o(i.FLASH_GetBank1Status)
    FLASH_Lock                               0x08000d8d   Thumb Code    14  stm32f10x_flash.o(i.FLASH_Lock)
    FLASH_ProgramHalfWord                    0x08000da1   Thumb Code    60  stm32f10x_flash.o(i.FLASH_ProgramHalfWord)
    FLASH_Unlock                             0x08000de1   Thumb Code    12  stm32f10x_flash.o(i.FLASH_Unlock)
    FLASH_WaitForLastOperation               0x08000df9   Thumb Code    38  stm32f10x_flash.o(i.FLASH_WaitForLastOperation)
    FilteredFCD2214ReadCH                    0x08000e1f   Thumb Code   122  fdc2214.o(i.FilteredFCD2214ReadCH)
    GPIO_Init                                0x08000e99   Thumb Code   278  stm32f10x_gpio.o(i.GPIO_Init)
    GPIO_PinRemapConfig                      0x08000fb1   Thumb Code   138  stm32f10x_gpio.o(i.GPIO_PinRemapConfig)
    GPIO_ReadInputData                       0x08001041   Thumb Code     8  stm32f10x_gpio.o(i.GPIO_ReadInputData)
    GPIO_ReadInputDataBit                    0x08001049   Thumb Code    18  stm32f10x_gpio.o(i.GPIO_ReadInputDataBit)
    GPIO_ResetBits                           0x0800105b   Thumb Code     4  stm32f10x_gpio.o(i.GPIO_ResetBits)
    GPIO_SetBits                             0x0800105f   Thumb Code     4  stm32f10x_gpio.o(i.GPIO_SetBits)
    GPIO_Write                               0x08001063   Thumb Code     4  stm32f10x_gpio.o(i.GPIO_Write)
    HardFault_Handler                        0x08001067   Thumb Code     4  stm32f10x_it.o(i.HardFault_Handler)
    IIC_Start                                0x0800106d   Thumb Code    46  oled.o(i.IIC_Start)
    IIC_Stop                                 0x080010a5   Thumb Code    48  oled.o(i.IIC_Stop)
    JudgePaperNum                            0x080010dd   Thumb Code    70  main.o(i.JudgePaperNum)
    Key_Scan                                 0x08001139   Thumb Code   108  key.o(i.Key_Scan)
    KeyscanINIT                              0x080011ad   Thumb Code    84  key.o(i.KeyscanINIT)
    LED_Init                                 0x08001209   Thumb Code    46  led.o(i.LED_Init)
    MemManage_Handler                        0x0800123d   Thumb Code     4  stm32f10x_it.o(i.MemManage_Handler)
    NMI_Handler                              0x08001241   Thumb Code     2  stm32f10x_it.o(i.NMI_Handler)
    NVIC_Init                                0x08001245   Thumb Code   100  misc.o(i.NVIC_Init)
    NVIC_PriorityGroupConfig                 0x080012b5   Thumb Code    10  misc.o(i.NVIC_PriorityGroupConfig)
    OLED_Fill                                0x080012c9   Thumb Code    58  oled.o(i.OLED_Fill)
    OLED_GPIO_Init                           0x08001305   Thumb Code    50  oled.o(i.OLED_GPIO_Init)
    OLED_PaperNumTitle                       0x0800133d   Thumb Code   232  oled.o(i.OLED_PaperNumTitle)
    OLED_Set_Pos                             0x08001435   Thumb Code    40  oled.o(i.OLED_Set_Pos)
    OLED_ShowCN                              0x0800145d   Thumb Code    80  oled.o(i.OLED_ShowCN)
    OLED_ShowNum                             0x080014b1   Thumb Code   158  oled.o(i.OLED_ShowNum)
    OLED_ShowOneNum                          0x08001551   Thumb Code   182  oled.o(i.OLED_ShowOneNum)
    OLED_ShowStr                             0x08001611   Thumb Code   228  oled.o(i.OLED_ShowStr)
    OLED_WrCmd                               0x080016fd   Thumb Code    32  oled.o(i.OLED_WrCmd)
    OLED_WrDat                               0x0800171d   Thumb Code    32  oled.o(i.OLED_WrDat)
    Oled_Init                                0x0800173d   Thumb Code   196  oled.o(i.Oled_Init)
    PendSV_Handler                           0x08001801   Thumb Code     2  stm32f10x_it.o(i.PendSV_Handler)
    RCC_APB1PeriphClockCmd                   0x08001805   Thumb Code    26  stm32f10x_rcc.o(i.RCC_APB1PeriphClockCmd)
    RCC_APB2PeriphClockCmd                   0x08001825   Thumb Code    26  stm32f10x_rcc.o(i.RCC_APB2PeriphClockCmd)
    RCC_GetClocksFreq                        0x08001845   Thumb Code   192  stm32f10x_rcc.o(i.RCC_GetClocksFreq)
    STMFLASH_Read                            0x08001919   Thumb Code    34  stmflash.o(i.STMFLASH_Read)
    STMFLASH_ReadHalfWord                    0x0800193b   Thumb Code     6  stmflash.o(i.STMFLASH_ReadHalfWord)
    STMFLASH_Write                           0x08001941   Thumb Code   222  stmflash.o(i.STMFLASH_Write)
    STMFLASH_Write_NoCheck                   0x08001a29   Thumb Code    44  stmflash.o(i.STMFLASH_Write_NoCheck)
    SVC_Handler                              0x08001a55   Thumb Code     2  stm32f10x_it.o(i.SVC_Handler)
    Set_FDC2214                              0x08001b41   Thumb Code    90  fdc2214.o(i.Set_FDC2214)
    SysTick_CLKSourceConfig                  0x08001b9b   Thumb Code    40  misc.o(i.SysTick_CLKSourceConfig)
    SysTick_Handler                          0x08001bc3   Thumb Code     2  stm32f10x_it.o(i.SysTick_Handler)
    SystemInit                               0x08001bc5   Thumb Code    78  system_stm32f10x.o(i.SystemInit)
    TIM2_IRQHandler                          0x08001c25   Thumb Code    48  main.o(i.TIM2_IRQHandler)
    TIM2_init                                0x08001c5d   Thumb Code    90  tim5.o(i.TIM2_init)
    TIM_Cmd                                  0x08001cb7   Thumb Code    24  stm32f10x_tim.o(i.TIM_Cmd)
    TIM_ITConfig                             0x08001ccf   Thumb Code    18  stm32f10x_tim.o(i.TIM_ITConfig)
    TIM_TimeBaseInit                         0x08001ce1   Thumb Code   122  stm32f10x_tim.o(i.TIM_TimeBaseInit)
    USART1_IRQHandler                        0x08001d85   Thumb Code    54  usart.o(i.USART1_IRQHandler)
    USART2_IRQHandler                        0x08001dc9   Thumb Code    32  usart.o(i.USART2_IRQHandler)
    USART_Cmd                                0x08001ded   Thumb Code    24  stm32f10x_usart.o(i.USART_Cmd)
    USART_GetFlagStatus                      0x08001e05   Thumb Code    26  stm32f10x_usart.o(i.USART_GetFlagStatus)
    USART_GetITStatus                        0x08001e1f   Thumb Code    84  stm32f10x_usart.o(i.USART_GetITStatus)
    USART_ITConfig                           0x08001e73   Thumb Code    74  stm32f10x_usart.o(i.USART_ITConfig)
    USART_Init                               0x08001ebd   Thumb Code   210  stm32f10x_usart.o(i.USART_Init)
    USART_ReceiveData                        0x08001f95   Thumb Code    10  stm32f10x_usart.o(i.USART_ReceiveData)
    USART_SendData                           0x08001f9f   Thumb Code     8  stm32f10x_usart.o(i.USART_SendData)
    UsageFault_Handler                       0x08001fa7   Thumb Code     4  stm32f10x_it.o(i.UsageFault_Handler)
    Usart_SendByte                           0x08001fab   Thumb Code    30  usart.o(i.Usart_SendByte)
    Usart_SendString                         0x08001fc9   Thumb Code    42  usart.o(i.Usart_SendString)
    Write_IIC_Byte                           0x08001ff5   Thumb Code    94  oled.o(i.Write_IIC_Byte)
    __scatterload_copy                       0x0800205d   Thumb Code    14  handlers.o(i.__scatterload_copy)
    __scatterload_null                       0x0800206b   Thumb Code     2  handlers.o(i.__scatterload_null)
    __scatterload_zeroinit                   0x0800206d   Thumb Code    14  handlers.o(i.__scatterload_zeroinit)
    delay_init                               0x0800207d   Thumb Code    50  delay.o(i.delay_init)
    delay_ms                                 0x080020c1   Thumb Code    72  delay.o(i.delay_ms)
    delay_us                                 0x0800210d   Thumb Code    72  delay.o(i.delay_us)
    keyscan                                  0x08002159   Thumb Code   434  key.o(i.keyscan)
    main                                     0x08002311   Thumb Code  1514  main.o(i.main)
    uart2_init                               0x08002911   Thumb Code   158  usart.o(i.uart2_init)
    uart_init                                0x080029b9   Thumb Code   152  usart.o(i.uart_init)
    yuyin                                    0x08002a59   Thumb Code   850  main.o(i.yuyin)
    F6x8                                     0x08002db0   Data         558  oled.o(.constdata)
    F8X16                                    0x08002fde   Data        1520  oled.o(.constdata)
    longValueInROM                           0x080035d0   Data         680  stmflash.o(.constdata)
    flag                                     0x08003878   Data           2  stmflash.o(.constdata)
    Region$$Table$$Base                      0x0800387c   Number         0  anon$$obj.o(Region$$Table)
    Region$$Table$$Limit                     0x0800389c   Number         0  anon$$obj.o(Region$$Table)
    temp0                                    0x20000000   Data           4  main.o(.data)
    temp1                                    0x20000004   Data           4  main.o(.data)
    temp2                                    0x20000008   Data           4  main.o(.data)
    temp3                                    0x2000000c   Data           4  main.o(.data)
    Total_Value                              0x20000010   Data           4  main.o(.data)
    bFlag3s                                  0x20000014   Data           1  main.o(.data)
    T5Counter3s                              0x20000018   Data           4  main.o(.data)
    cKeyPressNumber                          0x2000001c   Data           1  main.o(.data)
    i                                        0x2000001d   Data           1  main.o(.data)
    cCalibrateNum                            0x2000001e   Data           1  main.o(.data)
    intTemp                                  0x20000020   Data           4  main.o(.data)
    cMeasureNum                              0x20000024   Data           4  main.o(.data)
    bFunctionIndex                           0x20000028   Data           1  main.o(.data)
    bIndicatorIcon                           0x20000029   Data           1  main.o(.data)
    bShowPaperNum                            0x2000002a   Data           1  main.o(.data)
    bReCalibrate                             0x2000002b   Data           1  main.o(.data)
    bCalibrateValueNoSaved                   0x2000002c   Data           1  main.o(.data)
    bSelectSaveItOrNot                       0x2000002d   Data           1  main.o(.data)
    bSaveCalibrateData                       0x2000002e   Data           1  main.o(.data)
    bCalibrateDataReset                      0x2000002f   Data           1  main.o(.data)
    SystemCoreClock                          0x20000030   Data           4  system_stm32f10x.o(.data)
    AHBPrescTable                            0x20000034   Data          16  system_stm32f10x.o(.data)
    StartStopFlg                             0x20000058   Data           1  key.o(.data)
    ConfirmKey                               0x20000059   Data           1  key.o(.data)
    KeyUpFlg                                 0x2000005a   Data           1  key.o(.data)
    KeyDownFlg                               0x2000005b   Data           1  key.o(.data)
    KeyLeftFlg                               0x2000005c   Data           1  key.o(.data)
    KeyRightFlg                              0x2000005d   Data           1  key.o(.data)
    My6x8                                    0x2000005e   Data          12  oled.o(.data)
    keyboard                                 0x2000006a   Data         512  oled.o(.data)
    My8x16                                   0x2000026a   Data          32  oled.o(.data)
    F16x16                                   0x2000028a   Data        1312  oled.o(.data)
    BMP                                      0x200007aa   Data        1024  oled.o(.data)
    num_show                                 0x20000baa   Data         160  oled.o(.data)
    Hzk                                      0x20000c4a   Data         896  oled.o(.data)
    AsciiBuff3                               0x20000fca   Data           4  oled.o(.data)
    __stdout                                 0x20000fd0   Data           4  usart.o(.data)
    USART_RX_STA                             0x20000fd4   Data           2  usart.o(.data)
    FDC2214CH                                0x20000fdc   Data          16  main.o(.bss)
    AsciiBuff                                0x20000fec   Data          14  oled.o(.bss)
    USART_RX_BUF                             0x20000ffa   Data         200  usart.o(.bss)
    cThePointOfCalibrate                     0x200010c4   Data         170  stmflash.o(.bss)
    FDC2214ThresholdValue                    0x20001170   Data         680  stmflash.o(.bss)
    FDC2214CalibrateValue                    0x20001418   Data         680  stmflash.o(.bss)
    STMFLASH_BUF                             0x200016c0   Data        1024  stmflash.o(.bss)
    __initial_sp                             0x20001ec0   Data           0  startup_stm32f10x_md.o(STACK)



==============================================================================

Memory Map of the image

  Image Entry point : 0x080000ed

  Load Region LR_IROM1 (Base: 0x08000000, Size: 0x00004878, Max: 0x00040000, ABSOLUTE, COMPRESSED[0x0000413c])

    Execution Region ER_IROM1 (Exec base: 0x08000000, Load base: 0x08000000, Size: 0x0000389c, Max: 0x00040000, ABSOLUTE)

    Exec Addr    Load Addr    Size         Type   Attr      Idx    E Section Name        Object

    0x08000000   0x08000000   0x000000ec   Data   RO          297    RESET               startup_stm32f10x_md.o
    0x080000ec   0x080000ec   0x00000000   Code   RO         3936  * .ARM.Collect$$$$00000000  mc_w.l(entry.o)
    0x080000ec   0x080000ec   0x00000004   Code   RO         3957    .ARM.Collect$$$$00000001  mc_w.l(entry2.o)
    0x080000f0   0x080000f0   0x00000004   Code   RO         3960    .ARM.Collect$$$$00000004  mc_w.l(entry5.o)
    0x080000f4   0x080000f4   0x00000000   Code   RO         3962    .ARM.Collect$$$$00000008  mc_w.l(entry7b.o)
    0x080000f4   0x080000f4   0x00000000   Code   RO         3964    .ARM.Collect$$$$0000000A  mc_w.l(entry8b.o)
    0x080000f4   0x080000f4   0x00000008   Code   RO         3965    .ARM.Collect$$$$0000000B  mc_w.l(entry9a.o)
    0x080000fc   0x080000fc   0x00000004   Code   RO         3972    .ARM.Collect$$$$0000000E  mc_w.l(entry12b.o)
    0x08000100   0x08000100   0x00000000   Code   RO         3967    .ARM.Collect$$$$0000000F  mc_w.l(entry10a.o)
    0x08000100   0x08000100   0x00000000   Code   RO         3969    .ARM.Collect$$$$00000011  mc_w.l(entry11a.o)
    0x08000100   0x08000100   0x00000004   Code   RO         3958    .ARM.Collect$$$$00002712  mc_w.l(entry2.o)
    0x08000104   0x08000104   0x00000024   Code   RO          298    .text               startup_stm32f10x_md.o
    0x08000128   0x08000128   0x00000024   Code   RO         3939    .text               mc_w.l(memseta.o)
    0x0800014c   0x0800014c   0x00000064   Code   RO         3943    .text               mf_w.l(fmul.o)
    0x080001b0   0x080001b0   0x0000007c   Code   RO         3945    .text               mf_w.l(fdiv.o)
    0x0800022c   0x0800022c   0x0000000a   Code   RO         3947    .text               mf_w.l(ffltui.o)
    0x08000236   0x08000236   0x00000028   Code   RO         3951    .text               mf_w.l(ffixui.o)
    0x0800025e   0x0800025e   0x00000000   Code   RO         3973    .text               mc_w.l(iusefp.o)
    0x0800025e   0x0800025e   0x0000006e   Code   RO         3974    .text               mf_w.l(fepilogue.o)
    0x080002cc   0x080002cc   0x00000024   Code   RO         3976    .text               mc_w.l(init.o)
    0x080002f0   0x080002f0   0x00000056   Code   RO         3986    .text               mc_w.l(__dczerorl2.o)
    0x08000346   0x08000346   0x00000002   PAD
    0x08000348   0x08000348   0x00000038   Code   RO         3438    i.Beep_Init         led.o
    0x08000380   0x08000380   0x00000004   Code   RO          168    i.BusFault_Handler  stm32f10x_it.o
    0x08000384   0x08000384   0x00000030   Code   RO            1    i.BuzzerBeep        main.o
    0x080003b4   0x080003b4   0x00000110   Code   RO         3459    i.Data2ASCII        oled.o
    0x080004c4   0x080004c4   0x00000048   Code   RO         3460    i.Data2ASCII3Figure  oled.o
    0x0800050c   0x0800050c   0x00000002   Code   RO          169    i.DebugMon_Handler  stm32f10x_it.o
    0x0800050e   0x0800050e   0x00000002   PAD
    0x08000510   0x08000510   0x000000b4   Code   RO         3378    i.EXTI15_10_IRQHandler  key.o
    0x080005c4   0x080005c4   0x00000090   Code   RO         3379    i.EXTI9_5_IRQHandler  key.o
    0x08000654   0x08000654   0x0000000c   Code   RO         1100    i.EXTI_ClearITPendingBit  stm32f10x_exti.o
    0x08000660   0x08000660   0x00000028   Code   RO         1104    i.EXTI_GetITStatus  stm32f10x_exti.o
    0x08000688   0x08000688   0x00000078   Code   RO         3270    i.FCD2214_ReadCH    fdc2214.o
    0x08000700   0x08000700   0x000000ba   Code   RO         3271    i.FDC2214_Init      fdc2214.o
    0x080007ba   0x080007ba   0x00000002   Code   RO         3272    i.FDC_GPIO_Init     fdc2214.o
    0x080007bc   0x080007bc   0x0000004c   Code   RO         3273    i.FDC_IIC_Ack       fdc2214.o
    0x08000808   0x08000808   0x0000000a   Code   RO         3274    i.FDC_IIC_Delay     fdc2214.o
    0x08000812   0x08000812   0x00000002   PAD
    0x08000814   0x08000814   0x00000080   Code   RO         3275    i.FDC_IIC_Init      fdc2214.o
    0x08000894   0x08000894   0x0000004c   Code   RO         3276    i.FDC_IIC_NAck      fdc2214.o
    0x080008e0   0x080008e0   0x0000006c   Code   RO         3277    i.FDC_IIC_Read_Byte  fdc2214.o
    0x0800094c   0x0800094c   0x0000005c   Code   RO         3278    i.FDC_IIC_Send_Byte  fdc2214.o
    0x080009a8   0x080009a8   0x00000048   Code   RO         3279    i.FDC_IIC_Start     fdc2214.o
    0x080009f0   0x080009f0   0x00000048   Code   RO         3280    i.FDC_IIC_Stop      fdc2214.o
    0x08000a38   0x08000a38   0x00000064   Code   RO         3281    i.FDC_IIC_Wait_Ack  fdc2214.o
    0x08000a9c   0x08000a9c   0x00000042   Code   RO         3282    i.FDC_Read          fdc2214.o
    0x08000ade   0x08000ade   0x00000002   PAD
    0x08000ae0   0x08000ae0   0x000000c4   Code   RO         3788    i.FLASHInit         stmflash.o
    0x08000ba4   0x08000ba4   0x0000001c   Code   RO         3789    i.FLASHReset        stmflash.o
    0x08000bc0   0x08000bc0   0x00000140   Code   RO         3790    i.FLASHSave         stmflash.o
    0x08000d00   0x08000d00   0x0000000c   Code   RO         1153    i.FLASH_ClearFlag   stm32f10x_flash.o
    0x08000d0c   0x08000d0c   0x0000004c   Code   RO         1158    i.FLASH_ErasePage   stm32f10x_flash.o
    0x08000d58   0x08000d58   0x00000034   Code   RO         1159    i.FLASH_GetBank1Status  stm32f10x_flash.o
    0x08000d8c   0x08000d8c   0x00000014   Code   RO         1168    i.FLASH_Lock        stm32f10x_flash.o
    0x08000da0   0x08000da0   0x00000040   Code   RO         1171    i.FLASH_ProgramHalfWord  stm32f10x_flash.o
    0x08000de0   0x08000de0   0x00000018   Code   RO         1176    i.FLASH_Unlock      stm32f10x_flash.o
    0x08000df8   0x08000df8   0x00000026   Code   RO         1180    i.FLASH_WaitForLastOperation  stm32f10x_flash.o
    0x08000e1e   0x08000e1e   0x0000007a   Code   RO         3283    i.FilteredFCD2214ReadCH  fdc2214.o
    0x08000e98   0x08000e98   0x00000116   Code   RO         1453    i.GPIO_Init         stm32f10x_gpio.o
    0x08000fae   0x08000fae   0x00000002   PAD
    0x08000fb0   0x08000fb0   0x00000090   Code   RO         1455    i.GPIO_PinRemapConfig  stm32f10x_gpio.o
    0x08001040   0x08001040   0x00000008   Code   RO         1456    i.GPIO_ReadInputData  stm32f10x_gpio.o
    0x08001048   0x08001048   0x00000012   Code   RO         1457    i.GPIO_ReadInputDataBit  stm32f10x_gpio.o
    0x0800105a   0x0800105a   0x00000004   Code   RO         1460    i.GPIO_ResetBits    stm32f10x_gpio.o
    0x0800105e   0x0800105e   0x00000004   Code   RO         1461    i.GPIO_SetBits      stm32f10x_gpio.o
    0x08001062   0x08001062   0x00000004   Code   RO         1463    i.GPIO_Write        stm32f10x_gpio.o
    0x08001066   0x08001066   0x00000004   Code   RO          170    i.HardFault_Handler  stm32f10x_it.o
    0x0800106a   0x0800106a   0x00000002   PAD
    0x0800106c   0x0800106c   0x00000038   Code   RO         3462    i.IIC_Start         oled.o
    0x080010a4   0x080010a4   0x00000038   Code   RO         3463    i.IIC_Stop          oled.o
    0x080010dc   0x080010dc   0x0000005c   Code   RO            2    i.JudgePaperNum     main.o
    0x08001138   0x08001138   0x00000074   Code   RO         3381    i.Key_Scan          key.o
    0x080011ac   0x080011ac   0x0000005c   Code   RO         3382    i.KeyscanINIT       key.o
    0x08001208   0x08001208   0x00000034   Code   RO         3439    i.LED_Init          led.o
    0x0800123c   0x0800123c   0x00000004   Code   RO          171    i.MemManage_Handler  stm32f10x_it.o
    0x08001240   0x08001240   0x00000002   Code   RO          172    i.NMI_Handler       stm32f10x_it.o
    0x08001242   0x08001242   0x00000002   PAD
    0x08001244   0x08001244   0x00000070   Code   RO          302    i.NVIC_Init         misc.o
    0x080012b4   0x080012b4   0x00000014   Code   RO          303    i.NVIC_PriorityGroupConfig  misc.o
    0x080012c8   0x080012c8   0x0000003a   Code   RO         3466    i.OLED_Fill         oled.o
    0x08001302   0x08001302   0x00000002   PAD
    0x08001304   0x08001304   0x00000038   Code   RO         3467    i.OLED_GPIO_Init    oled.o
    0x0800133c   0x0800133c   0x000000f8   Code   RO         3472    i.OLED_PaperNumTitle  oled.o
    0x08001434   0x08001434   0x00000028   Code   RO         3473    i.OLED_Set_Pos      oled.o
    0x0800145c   0x0800145c   0x00000054   Code   RO         3477    i.OLED_ShowCN       oled.o
    0x080014b0   0x080014b0   0x0000009e   Code   RO         3478    i.OLED_ShowNum      oled.o
    0x0800154e   0x0800154e   0x00000002   PAD
    0x08001550   0x08001550   0x000000c0   Code   RO         3479    i.OLED_ShowOneNum   oled.o
    0x08001610   0x08001610   0x000000ec   Code   RO         3480    i.OLED_ShowStr      oled.o
    0x080016fc   0x080016fc   0x00000020   Code   RO         3481    i.OLED_WrCmd        oled.o
    0x0800171c   0x0800171c   0x00000020   Code   RO         3482    i.OLED_WrDat        oled.o
    0x0800173c   0x0800173c   0x000000c4   Code   RO         3484    i.Oled_Init         oled.o
    0x08001800   0x08001800   0x00000002   Code   RO          173    i.PendSV_Handler    stm32f10x_it.o
    0x08001802   0x08001802   0x00000002   PAD
    0x08001804   0x08001804   0x00000020   Code   RO         1869    i.RCC_APB1PeriphClockCmd  stm32f10x_rcc.o
    0x08001824   0x08001824   0x00000020   Code   RO         1871    i.RCC_APB2PeriphClockCmd  stm32f10x_rcc.o
    0x08001844   0x08001844   0x000000d4   Code   RO         1879    i.RCC_GetClocksFreq  stm32f10x_rcc.o
    0x08001918   0x08001918   0x00000022   Code   RO         3791    i.STMFLASH_Read     stmflash.o
    0x0800193a   0x0800193a   0x00000006   Code   RO         3792    i.STMFLASH_ReadHalfWord  stmflash.o
    0x08001940   0x08001940   0x000000e8   Code   RO         3793    i.STMFLASH_Write    stmflash.o
    0x08001a28   0x08001a28   0x0000002c   Code   RO         3795    i.STMFLASH_Write_NoCheck  stmflash.o
    0x08001a54   0x08001a54   0x00000002   Code   RO          174    i.SVC_Handler       stm32f10x_it.o
    0x08001a56   0x08001a56   0x00000008   Code   RO          242    i.SetSysClock       system_stm32f10x.o
    0x08001a5e   0x08001a5e   0x00000002   PAD
    0x08001a60   0x08001a60   0x000000e0   Code   RO          243    i.SetSysClockTo72   system_stm32f10x.o
    0x08001b40   0x08001b40   0x0000005a   Code   RO         3284    i.Set_FDC2214       fdc2214.o
    0x08001b9a   0x08001b9a   0x00000028   Code   RO          306    i.SysTick_CLKSourceConfig  misc.o
    0x08001bc2   0x08001bc2   0x00000002   Code   RO          175    i.SysTick_Handler   stm32f10x_it.o
    0x08001bc4   0x08001bc4   0x00000060   Code   RO          245    i.SystemInit        system_stm32f10x.o
    0x08001c24   0x08001c24   0x00000038   Code   RO            3    i.TIM2_IRQHandler   main.o
    0x08001c5c   0x08001c5c   0x0000005a   Code   RO         3767    i.TIM2_init         tim5.o
    0x08001cb6   0x08001cb6   0x00000018   Code   RO         2503    i.TIM_Cmd           stm32f10x_tim.o
    0x08001cce   0x08001cce   0x00000012   Code   RO         2528    i.TIM_ITConfig      stm32f10x_tim.o
    0x08001ce0   0x08001ce0   0x000000a4   Code   RO         2574    i.TIM_TimeBaseInit  stm32f10x_tim.o
    0x08001d84   0x08001d84   0x00000044   Code   RO         3678    i.USART1_IRQHandler  usart.o
    0x08001dc8   0x08001dc8   0x00000024   Code   RO         3679    i.USART2_IRQHandler  usart.o
    0x08001dec   0x08001dec   0x00000018   Code   RO         3039    i.USART_Cmd         stm32f10x_usart.o
    0x08001e04   0x08001e04   0x0000001a   Code   RO         3042    i.USART_GetFlagStatus  stm32f10x_usart.o
    0x08001e1e   0x08001e1e   0x00000054   Code   RO         3043    i.USART_GetITStatus  stm32f10x_usart.o
    0x08001e72   0x08001e72   0x0000004a   Code   RO         3045    i.USART_ITConfig    stm32f10x_usart.o
    0x08001ebc   0x08001ebc   0x000000d8   Code   RO         3046    i.USART_Init        stm32f10x_usart.o
    0x08001f94   0x08001f94   0x0000000a   Code   RO         3053    i.USART_ReceiveData  stm32f10x_usart.o
    0x08001f9e   0x08001f9e   0x00000008   Code   RO         3056    i.USART_SendData    stm32f10x_usart.o
    0x08001fa6   0x08001fa6   0x00000004   Code   RO          176    i.UsageFault_Handler  stm32f10x_it.o
    0x08001faa   0x08001faa   0x0000001e   Code   RO         3681    i.Usart_SendByte    usart.o
    0x08001fc8   0x08001fc8   0x0000002a   Code   RO         3683    i.Usart_SendString  usart.o
    0x08001ff2   0x08001ff2   0x00000002   PAD
    0x08001ff4   0x08001ff4   0x00000068   Code   RO         3490    i.Write_IIC_Byte    oled.o
    0x0800205c   0x0800205c   0x0000000e   Code   RO         3980    i.__scatterload_copy  mc_w.l(handlers.o)
    0x0800206a   0x0800206a   0x00000002   Code   RO         3981    i.__scatterload_null  mc_w.l(handlers.o)
    0x0800206c   0x0800206c   0x0000000e   Code   RO         3982    i.__scatterload_zeroinit  mc_w.l(handlers.o)
    0x0800207a   0x0800207a   0x00000002   PAD
    0x0800207c   0x0800207c   0x00000044   Code   RO         3849    i.delay_init        delay.o
    0x080020c0   0x080020c0   0x0000004c   Code   RO         3850    i.delay_ms          delay.o
    0x0800210c   0x0800210c   0x0000004c   Code   RO         3851    i.delay_us          delay.o
    0x08002158   0x08002158   0x000001b8   Code   RO         3384    i.keyscan           key.o
    0x08002310   0x08002310   0x00000600   Code   RO            4    i.main              main.o
    0x08002910   0x08002910   0x000000a8   Code   RO         3686    i.uart2_init        usart.o
    0x080029b8   0x080029b8   0x000000a0   Code   RO         3689    i.uart_init         usart.o
    0x08002a58   0x08002a58   0x00000358   Code   RO            5    i.yuyin             main.o
    0x08002db0   0x08002db0   0x0000081e   Data   RO         3492    .constdata          oled.o
    0x080035ce   0x080035ce   0x00000002   PAD
    0x080035d0   0x080035d0   0x000002aa   Data   RO         3797    .constdata          stmflash.o
    0x0800387a   0x0800387a   0x00000002   PAD
    0x0800387c   0x0800387c   0x00000020   Data   RO         3978    Region$$Table       anon$$obj.o


    Execution Region RW_IRAM1 (Exec base: 0x20000000, Load base: 0x0800389c, Size: 0x00001ec0, Max: 0x0000c000, ABSOLUTE, COMPRESSED[0x000008a0])

    Exec Addr    Load Addr    Size         Type   Attr      Idx    E Section Name        Object

    0x20000000   COMPRESSED   0x00000030   Data   RW            7    .data               main.o
    0x20000030   COMPRESSED   0x00000014   Data   RW          246    .data               system_stm32f10x.o
    0x20000044   COMPRESSED   0x00000014   Data   RW         1899    .data               stm32f10x_rcc.o
    0x20000058   COMPRESSED   0x00000006   Data   RW         3385    .data               key.o
    0x2000005e   COMPRESSED   0x00000f70   Data   RW         3493    .data               oled.o
    0x20000fce   COMPRESSED   0x00000002   PAD
    0x20000fd0   COMPRESSED   0x00000006   Data   RW         3691    .data               usart.o
    0x20000fd6   COMPRESSED   0x00000004   Data   RW         3852    .data               delay.o
    0x20000fda   COMPRESSED   0x00000002   PAD
    0x20000fdc        -       0x00000010   Zero   RW            6    .bss                main.o
    0x20000fec        -       0x0000000e   Zero   RW         3491    .bss                oled.o
    0x20000ffa        -       0x000000c8   Zero   RW         3690    .bss                usart.o
    0x200010c2   COMPRESSED   0x00000002   PAD
    0x200010c4        -       0x000009fc   Zero   RW         3796    .bss                stmflash.o
    0x20001ac0        -       0x00000400   Zero   RW          295    STACK               startup_stm32f10x_md.o


==============================================================================

Image component sizes


      Code (inc. data)   RO Data    RW Data    ZI Data      Debug   Object Name

         0          0          0          0          0         32   core_cm3.o
       220         26          0          4          0       1899   delay.o
      1320        100          0          0          0       9259   fdc2214.o
       972         54          0          6          0       3936   key.o
       108         12          0          0          0       1047   led.o
      2588        352          0         48         16     266500   main.o
       172         22          0          0          0       2417   misc.o
      1892        104       2078       3952         14      11642   oled.o
        36          8        236          0       1024        932   startup_stm32f10x_md.o
        52         12          0          0          0       1300   stm32f10x_exti.o
       286         36          0          0          0       4536   stm32f10x_flash.o
       460          6          0          0          0       6268   stm32f10x_gpio.o
        26          0          0          0          0       4242   stm32f10x_it.o
       276         32          0         20          0       4866   stm32f10x_rcc.o
       206         42          0          0          0       2688   stm32f10x_tim.o
       442          6          0          0          0       6873   stm32f10x_usart.o
       860         64        682          0       2556       6215   stmflash.o
       328         28          0         20          0       2801   system_stm32f10x.o
        90          0          0          0          0        684   tim5.o
       504         36          0          6        200       5909   usart.o

    ----------------------------------------------------------------------
     10860        940       3032       4060       3812     344046   Object Totals
         0          0         32          0          0          0   (incl. Generated)
        22          0          4          4          2          0   (incl. Padding)

    ----------------------------------------------------------------------

      Code (inc. data)   RO Data    RW Data    ZI Data      Debug   Library Member Name

        86          0          0          0          0          0   __dczerorl2.o
         0          0          0          0          0          0   entry.o
         0          0          0          0          0          0   entry10a.o
         0          0          0          0          0          0   entry11a.o
         4          0          0          0          0          0   entry12b.o
         8          4          0          0          0          0   entry2.o
         4          0          0          0          0          0   entry5.o
         0          0          0          0          0          0   entry7b.o
         0          0          0          0          0          0   entry8b.o
         8          4          0          0          0          0   entry9a.o
        30          0          0          0          0          0   handlers.o
        36          8          0          0          0         68   init.o
         0          0          0          0          0          0   iusefp.o
        36          0          0          0          0        108   memseta.o
       124          0          0          0          0         88   fdiv.o
       110          0          0          0          0        168   fepilogue.o
        40          0          0          0          0         68   ffixui.o
        10          0          0          0          0         68   ffltui.o
       100          0          0          0          0         76   fmul.o

    ----------------------------------------------------------------------
       600         16          0          0          0        644   Library Totals
         4          0          0          0          0          0   (incl. Padding)

    ----------------------------------------------------------------------

      Code (inc. data)   RO Data    RW Data    ZI Data      Debug   Library Name

       212         16          0          0          0        176   mc_w.l
       384          0          0          0          0        468   mf_w.l

    ----------------------------------------------------------------------
       600         16          0          0          0        644   Library Totals

    ----------------------------------------------------------------------

==============================================================================


      Code (inc. data)   RO Data    RW Data    ZI Data      Debug   

     11460        956       3032       4060       3812     339462   Grand Totals
     11460        956       3032       2208       3812     339462   ELF Image Totals (compressed)
     11460        956       3032       2208          0          0   ROM Totals

==============================================================================

    Total RO  Size (Code + RO Data)                14492 (  14.15kB)
    Total RW  Size (RW Data + ZI Data)              7872 (   7.69kB)
    Total ROM Size (Code + RO Data + RW Data)      16700 (  16.31kB)

==============================================================================

